Archive member included to satisfy reference by file (symbol)

.\CortexM3\ARM_GCC_541\Debug\FINAL.a(TimerCountWidth.o)
                              .\CortexM3\ARM_GCC_541\Debug\main.o (TimerCountWidth_Stop)
.\CortexM3\ARM_GCC_541\Debug\FINAL.a(isrPulseWidthFallingEdge.o)
                              .\CortexM3\ARM_GCC_541\Debug\main.o (isrPulseWidthFallingEdge_StartEx)
.\CortexM3\ARM_GCC_541\Debug\FINAL.a(SR04Trig.o)
                              .\CortexM3\ARM_GCC_541\Debug\main.o (SR04Trig_Write)
.\CortexM3\ARM_GCC_541\Debug\FINAL.a(I2C.o)
                              .\CortexM3\ARM_GCC_541\Debug\main.o (I2C_Start)
.\CortexM3\ARM_GCC_541\Debug\FINAL.a(I2C_INT.o)
                              .\CortexM3\ARM_GCC_541\Debug\FINAL.a(I2C.o) (I2C_ISR)
.\CortexM3\ARM_GCC_541\Debug\FINAL.a(I2C_PM.o)
                              .\CortexM3\ARM_GCC_541\Debug\FINAL.a(I2C.o) (I2C_backup)
.\CortexM3\ARM_GCC_541\Debug\FINAL.a(I2C_MASTER.o)
                              .\CortexM3\ARM_GCC_541\Debug\FINAL.a(I2C.o) (I2C_mstrStatus)
.\CortexM3\ARM_GCC_541\Debug\FINAL.a(CyLib.o)
                              .\CortexM3\ARM_GCC_541\Debug\Cm3Start.o (CyHalt)
.\CortexM3\ARM_GCC_541\Debug\FINAL.a(cyPm.o)
                              .\CortexM3\ARM_GCC_541\Debug\FINAL.a(CyLib.o) (CyPmReadStatus)
.\CortexM3\ARM_GCC_541\Debug\FINAL.a(PWM.o)
                              .\CortexM3\ARM_GCC_541\Debug\main.o (PWM_Stop)
.\CortexM3\ARM_GCC_541\Debug\FINAL.a(AMux.o)
                              .\CortexM3\ARM_GCC_541\Debug\main.o (AMux_Start)
.\CortexM3\ARM_GCC_541\Debug\FINAL.a(ADC_DelSig.o)
                              .\CortexM3\ARM_GCC_541\Debug\main.o (ADC_DelSig_Start)
.\CortexM3\ARM_GCC_541\Debug\FINAL.a(ADC_DelSig_INT.o)
                              .\CortexM3\ARM_GCC_541\Debug\FINAL.a(ADC_DelSig.o) (ADC_DelSig_ISR1)
.\CortexM3\ARM_GCC_541\Debug\FINAL.a(ADC_DelSig_AMux.o)
                              .\CortexM3\ARM_GCC_541\Debug\FINAL.a(ADC_DelSig.o) (ADC_DelSig_AMux_Select)
.\CortexM3\ARM_GCC_541\Debug\FINAL.a(ADC_DelSig_Ext_CP_Clk.o)
                              .\CortexM3\ARM_GCC_541\Debug\FINAL.a(ADC_DelSig.o) (ADC_DelSig_Ext_CP_Clk_SetModeRegister)
.\CortexM3\ARM_GCC_541\Debug\FINAL.a(ADC_DelSig_theACLK.o)
                              .\CortexM3\ARM_GCC_541\Debug\FINAL.a(ADC_DelSig.o) (ADC_DelSig_theACLK_SetModeRegister)
.\CortexM3\ARM_GCC_541\Debug\FINAL.a(PWM_ServoP.o)
                              .\CortexM3\ARM_GCC_541\Debug\main.o (PWM_ServoP_WriteCompare)
.\CortexM3\ARM_GCC_541\Debug\FINAL.a(Clock_3.o)
                              .\CortexM3\ARM_GCC_541\Debug\main.o (Clock_3_Start)
.\CortexM3\ARM_GCC_541\Debug\FINAL.a(PWM_ServoT.o)
                              .\CortexM3\ARM_GCC_541\Debug\main.o (PWM_ServoT_WriteCompare)
.\CortexM3\ARM_GCC_541\Debug\FINAL.a(Clock_4.o)
                              .\CortexM3\ARM_GCC_541\Debug\main.o (Clock_4_Start)
.\CortexM3\ARM_GCC_541\Debug\FINAL.a(UART.o)
                              .\CortexM3\ARM_GCC_541\Debug\main.o (UART_Start)
.\CortexM3\ARM_GCC_541\Debug\FINAL.a(ISR_ByteReceived.o)
                              .\CortexM3\ARM_GCC_541\Debug\main.o (ISR_ByteReceived_StartEx)
.\CortexM3\ARM_GCC_541\Debug\FINAL.a(UART_IntClock.o)
                              .\CortexM3\ARM_GCC_541\Debug\FINAL.a(UART.o) (UART_IntClock_Start)
.\CortexM3\ARM_GCC_541\Debug\FINAL.a(ErrorLed.o)
                              .\CortexM3\ARM_GCC_541\Debug\main.o (ErrorLed_Write)
.\CortexM3\ARM_GCC_541\Debug\FINAL.a(OneSec.o)
                              .\CortexM3\ARM_GCC_541\Debug\main.o (OneSec_StartEx)
.\CortexM3\ARM_GCC_541\Debug\FINAL.a(CheckPot.o)
                              .\CortexM3\ARM_GCC_541\Debug\main.o (CheckPot_StartEx)
.\CortexM3\ARM_GCC_541\Debug\FINAL.a(CyBootAsmGnu.o)
                              .\CortexM3\ARM_GCC_541\Debug\cyfitter_cfg.o (CyDelayCycles)
.\CortexM3\ARM_GCC_541\Debug\FINAL.a(CyFlash.o)
                              .\CortexM3\ARM_GCC_541\Debug\FINAL.a(cyPm.o) (CyFlash_SetWaitCycles)
.\CortexM3\ARM_GCC_541\Debug\FINAL.a(CySpc.o)
                              .\CortexM3\ARM_GCC_541\Debug\FINAL.a(CyFlash.o) (CySpcStart)
d:/cypress/psoc creator/4.2/psoc creator/import/gnu/arm/5.4.1/bin/../lib/gcc/arm-none-eabi/5.4.1/../../../../arm-none-eabi/lib/armv7-m\libm.a(lib_a-w_exp.o)
                              .\CortexM3\ARM_GCC_541\Debug\main.o (exp)
d:/cypress/psoc creator/4.2/psoc creator/import/gnu/arm/5.4.1/bin/../lib/gcc/arm-none-eabi/5.4.1/../../../../arm-none-eabi/lib/armv7-m\libm.a(lib_a-w_pow.o)
                              .\CortexM3\ARM_GCC_541\Debug\main.o (pow)
d:/cypress/psoc creator/4.2/psoc creator/import/gnu/arm/5.4.1/bin/../lib/gcc/arm-none-eabi/5.4.1/../../../../arm-none-eabi/lib/armv7-m\libm.a(lib_a-e_exp.o)
                              d:/cypress/psoc creator/4.2/psoc creator/import/gnu/arm/5.4.1/bin/../lib/gcc/arm-none-eabi/5.4.1/../../../../arm-none-eabi/lib/armv7-m\libm.a(lib_a-w_exp.o) (__ieee754_exp)
[...]
Memory Configuration

Name             Origin             Length             Attributes
rom              0x00000000         0x00040000         xr
ram              0x1fff8000         0x00010000         xrw
*default*        0x00000000         0xffffffff

Linker script and memory map

LOAD d:/cypress/psoc creator/4.2/psoc creator/import/gnu/arm/5.4.1/bin/../lib/gcc/arm-none-eabi/5.4.1/armv7-m/crti.o
LOAD d:/cypress/psoc creator/4.2/psoc creator/import/gnu/arm/5.4.1/bin/../lib/gcc/arm-none-eabi/5.4.1/armv7-m/crtbegin.o
LOAD d:/cypress/psoc creator/4.2/psoc creator/import/gnu/arm/5.4.1/bin/../lib/gcc/arm-none-eabi/5.4.1/../../../../arm-none-eabi/lib/armv7-m/crt0.o
START GROUP
LOAD .\CortexM3\ARM_GCC_541\Debug\main.o
LOAD .\CortexM3\ARM_GCC_541\Debug\cyfitter_cfg.o
LOAD .\CortexM3\ARM_GCC_541\Debug\cymetadata.o
LOAD .\CortexM3\ARM_GCC_541\Debug\Cm3Start.o
LOAD .\CortexM3\ARM_GCC_541\Debug\FINAL.a
LOAD D:\Cypress\PSoC Creator\4.2\PSoC Creator\psoc\content\cycomponentlibrary\CyComponentLibrary.cylib\CortexM3\ARM_GCC_541\Debug\CyComponentLibrary.a
LOAD d:/cypress/psoc creator/4.2/psoc creator/import/gnu/arm/5.4.1/bin/../lib/gcc/arm-none-eabi/5.4.1/../../../../arm-none-eabi/lib/armv7-m\libm.a
END GROUP
START GROUP
LOAD d:/cypress/psoc creator/4.2/psoc creator/import/gnu/arm/5.4.1/bin/../lib/gcc/arm-none-eabi/5.4.1/armv7-m\libgcc.a
LOAD d:/cypress/psoc creator/4.2/psoc creator/import/gnu/arm/5.4.1/bin/../lib/gcc/arm-none-eabi/5.4.1/../../../../arm-none-eabi/lib/armv7-m\libg_nano.a
LOAD d:/cypress/psoc creator/4.2/psoc creator/import/gnu/arm/5.4.1/bin/../lib/gcc/arm-none-eabi/5.4.1/../../../../arm-none-eabi/lib/armv7-m\libc_nano.a
END GROUP
START GROUP
LOAD d:/cypress/psoc creator/4.2/psoc creator/import/gnu/arm/5.4.1/bin/../lib/gcc/arm-none-eabi/5.4.1/armv7-m\libgcc.a
LOAD d:/cypress/psoc creator/4.2/psoc creator/import/gnu/arm/5.4.1/bin/../lib/gcc/arm-none-eabi/5.4.1/../../../../arm-none-eabi/lib/armv7-m\libc_nano.a
END GROUP
LOAD d:/cypress/psoc creator/4.2/psoc creator/import/gnu/arm/5.4.1/bin/../lib/gcc/arm-none-eabi/5.4.1/armv7-m/crtend.o
LOAD d:/cypress/psoc creator/4.2/psoc creator/import/gnu/arm/5.4.1/bin/../lib/gcc/arm-none-eabi/5.4.1/armv7-m/crtn.o
START GROUP
LOAD d:/cypress/psoc creator/4.2/psoc creator/import/gnu/arm/5.4.1/bin/../lib/gcc/arm-none-eabi/5.4.1/armv7-m\libgcc.a
LOAD d:/cypress/psoc creator/4.2/psoc creator/import/gnu/arm/5.4.1/bin/../lib/gcc/arm-none-eabi/5.4.1/../../../../arm-none-eabi/lib/armv7-m\libc.a
LOAD d:/cypress/psoc creator/4.2/psoc creator/import/gnu/arm/5.4.1/bin/../lib/gcc/arm-none-eabi/5.4.1/../../../../arm-none-eabi/lib/armv7-m\libnosys.a
END GROUP
                0x00000000                CY_APPL_ORIGIN = 0x0
                0x00000100                CY_FLASH_ROW_SIZE = 0x100
                0x00000020                CY_ECC_ROW_SIZE = 0x20
                0x00000000                CY_EE_IN_BTLDR = 0x0
                0x00000000                CY_APPL_LOADABLE = 0x0
                0x00000800                CY_EE_SIZE = 0x800
                0x00000001                CY_APPL_NUM = 0x1
                0x00000001                CY_APPL_MAX = 0x1
                0x00000040                CY_METADATA_SIZE = 0x40
                0x00000000                CY_APPL_LOADABLE = 0x0
                0x00000000                CY_CHECKSUM_EXCLUDE_SIZE = ALIGN (0x0, CY_FLASH_ROW_SIZE)
                [!provide]                PROVIDE (__cy_heap_start, _end)
                0x00000001                PROVIDE (__cy_region_num, ((__cy_regions_end - __cy_regions) / 0x10))
                0x20008000                PROVIDE (__cy_stack, (ORIGIN (ram) + LENGTH (ram)))
                [!provide]                PROVIDE (__cy_heap_end, (__cy_stack - 0x800))

.cybootloader   0x00000000        0x0
 *(.cybootloader)
                0x00000000                appl1_start = CY_APPL_ORIGIN?CY_APPL_ORIGIN:ALIGN (CY_FLASH_ROW_SIZE)
                0x0001ff00                appl2_start = (appl1_start + ALIGN ((((LENGTH (rom) - appl1_start) - (0x2 * CY_FLASH_ROW_SIZE)) / 0x2), CY_FLASH_ROW_SIZE))
                0x00000000                appl_start = (CY_APPL_NUM == 0x1)?appl1_start:appl2_start
                0x00000000                ecc_offset = ((appl_start / CY_FLASH_ROW_SIZE) * CY_ECC_ROW_SIZE)
                0x00000000                ee_offset = (CY_APPL_LOADABLE && ! (CY_EE_IN_BTLDR))?((CY_EE_SIZE / CY_APPL_MAX) * (CY_APPL_NUM - 0x1)):0x0
                0x00000800                ee_size = (CY_APPL_LOADABLE && ! (CY_EE_IN_BTLDR))?(CY_EE_SIZE / CY_APPL_MAX):CY_EE_SIZE
                [!provide]                PROVIDE (CY_ECC_OFFSET, ecc_offset)

.text           0x00000000     0x673e
 CREATE_OBJECT_SYMBOLS
                0x00000000                PROVIDE (__cy_interrupt_vector, RomVectors)
 *(.romvectors)
 .romvectors    0x00000000       0x10 .\CortexM3\ARM_GCC_541\Debug\Cm3Start.o
                0x00000000                RomVectors
                0x00000001                ASSERT ((. != __cy_interrupt_vector), No interrupt vector)
                0x00000001                ASSERT (CY_APPL_ORIGIN?(SIZEOF (.cybootloader) <= CY_APPL_ORIGIN):0x1, Wrong image location)
                0x00000010                PROVIDE (__cy_reset, Reset)
 *(.text.Reset)
 .text.Reset    0x00000010       0x18 .\CortexM3\ARM_GCC_541\Debug\Cm3Start.o
                0x00000010                Reset
                0x00000001                ASSERT ((. != __cy_reset), No reset code)
 *(.dma_init)
                0x00000001                ASSERT ((((appl_start + .) <= 0x10000) || 0x1), DMA Init must be within the first 64k of flash)
 *(.text .text.* .gnu.linkonce.t.*)
 .text          0x00000028       0x5c d:/cypress/psoc creator/4.2/psoc creator/import/gnu/arm/5.4.1/bin/../lib/gcc/arm-none-eabi/5.4.1/armv7-m/crtbegin.o
 .text.OneSec   0x00000084        0xc .\CortexM3\ARM_GCC_541\Debug\main.o
                0x00000084                OneSec
 .text.CheckPot
                0x00000090        0xc .\CortexM3\ARM_GCC_541\Debug\main.o
                0x00000090                CheckPot
 .text.isrPulseWidthFallingEdge
                0x0000009c       0x18 .\CortexM3\ARM_GCC_541\Debug\main.o
                0x0000009c                isrPulseWidthFallingEdge
 .text.ISR_ByteReceived
                0x000000b4       0x1c .\CortexM3\ARM_GCC_541\Debug\main.o
                0x000000b4                ISR_ByteReceived
 .text.LCD_Start
                0x000000d0       0x10 .\CortexM3\ARM_GCC_541\Debug\main.o
                0x000000d0                LCD_Start
 .text.LCD_Clear
                0x000000e0       0x24 .\CortexM3\ARM_GCC_541\Debug\main.o
                0x000000e0                LCD_Clear
 .text.LCD_Print
                0x00000104       0x80 .\CortexM3\ARM_GCC_541\Debug\main.o
                0x00000104                LCD_Print
 .text.Init_hcsr04
                0x00000184       0x14 .\CortexM3\ARM_GCC_541\Debug\main.o
                0x00000184                Init_hcsr04
 .text.InitMeasure_hcsr04
                0x00000198       0x18 .\CortexM3\ARM_GCC_541\Debug\main.o
                0x00000198                InitMeasure_hcsr04
 .text.GetCentimeters_hcsr04
                0x000001b0       0x48 .\CortexM3\ARM_GCC_541\Debug\main.o
                0x000001b0                GetCentimeters_hcsr04
 .text.Measure_hcsr04
                0x000001f8       0x14 .\CortexM3\ARM_GCC_541\Debug\main.o
                0x000001f8                Measure_hcsr04
 .text.StartTone
                0x0000020c        0x8 .\CortexM3\ARM_GCC_541\Debug\main.o
                0x0000020c                StartTone
 .text.StopTone
                0x00000214        0x8 .\CortexM3\ARM_GCC_541\Debug\main.o
                0x00000214                StopTone
 *fill*         0x0000021c        0x4 
 .text.calculateFreq
                0x00000220       0x50 .\CortexM3\ARM_GCC_541\Debug\main.o
                0x00000220                calculateFreq
 .text.calculatePeriod
                0x00000270       0x44 .\CortexM3\ARM_GCC_541\Debug\main.o
                0x00000270                calculatePeriod
 .text.setTone  0x000002b4       0x20 .\CortexM3\ARM_GCC_541\Debug\main.o
                0x000002b4                setTone
 .text.PlayTones
                0x000002d4       0x2c .\CortexM3\ARM_GCC_541\Debug\main.o
                0x000002d4                PlayTones
 .text.Potentiometer_Init
                0x00000300        0xc .\CortexM3\ARM_GCC_541\Debug\main.o
                0x00000300                Potentiometer_Init
 .text.measurePotentiometer
                0x0000030c       0x30 .\CortexM3\ARM_GCC_541\Debug\main.o
                0x0000030c                measurePotentiometer
 .text.ServoStart
                0x0000033c       0x14 .\CortexM3\ARM_GCC_541\Debug\main.o
                0x0000033c                ServoStart
 .text.openDoor
                0x00000350        0xc .\CortexM3\ARM_GCC_541\Debug\main.o
                0x00000350                openDoor
 .text.openTrap
                0x0000035c        0xc .\CortexM3\ARM_GCC_541\Debug\main.o
                0x0000035c                openTrap
 .text.closeDoor
                0x00000368        0xc .\CortexM3\ARM_GCC_541\Debug\main.o
                0x00000368                closeDoor
 .text.closeTrap
                0x00000374        0xc .\CortexM3\ARM_GCC_541\Debug\main.o
                0x00000374                closeTrap
 .text.main     0x00000380      0x8e8 .\CortexM3\ARM_GCC_541\Debug\main.o
                0x00000380                main
 .text.CyClockStartupError
                0x00000c68        0x4 .\CortexM3\ARM_GCC_541\Debug\cyfitter_cfg.o
 .text.cfg_write_bytes32
                0x00000c6c       0x34 .\CortexM3\ARM_GCC_541\Debug\cyfitter_cfg.o
 .text.AnalogSetDefault
                0x00000ca0       0x30 .\CortexM3\ARM_GCC_541\Debug\cyfitter_cfg.o
 .text.CYMEMZERO
                0x00000cd0        0xc .\CortexM3\ARM_GCC_541\Debug\cyfitter_cfg.o
 .text.CYCONFIGCPY
                0x00000cdc        0x8 .\CortexM3\ARM_GCC_541\Debug\cyfitter_cfg.o
 .text.ClockSetup
                0x00000ce4      0x138 .\CortexM3\ARM_GCC_541\Debug\cyfitter_cfg.o
 .text.AMux_Set
                0x00000e1c       0x34 .\CortexM3\ARM_GCC_541\Debug\cyfitter_cfg.o
                0x00000e1c                AMux_Set
 .text.AMux_Unset
                0x00000e50       0x38 .\CortexM3\ARM_GCC_541\Debug\cyfitter_cfg.o
                0x00000e50                AMux_Unset
 .text.ADC_DelSig_AMux_Set
                0x00000e88       0x20 .\CortexM3\ARM_GCC_541\Debug\cyfitter_cfg.o
                0x00000e88                ADC_DelSig_AMux_Set
 .text.ADC_DelSig_AMux_Unset
                0x00000ea8       0x20 .\CortexM3\ARM_GCC_541\Debug\cyfitter_cfg.o
                0x00000ea8                ADC_DelSig_AMux_Unset
 .text.cyfitter_cfg
                0x00000ec8      0x148 .\CortexM3\ARM_GCC_541\Debug\cyfitter_cfg.o
                0x00000ec8                cyfitter_cfg
 .text.IntDefaultHandler
                0x00001010       0x10 .\CortexM3\ARM_GCC_541\Debug\Cm3Start.o
                0x00001010                IntDefaultHandler
 .text._sbrk    0x00001020       0x30 .\CortexM3\ARM_GCC_541\Debug\Cm3Start.o
                0x00001020                _sbrk
 .text.Start_c  0x00001050       0x4c .\CortexM3\ARM_GCC_541\Debug\Cm3Start.o
                0x00001050                Start_c
 .text.initialize_psoc
                0x0000109c       0x68 .\CortexM3\ARM_GCC_541\Debug\Cm3Start.o
                0x0000109c                initialize_psoc
 .text.TimerCountWidth_Enable
                0x00001104       0x10 .\CortexM3\ARM_GCC_541\Debug\FINAL.a(TimerCountWidth.o)
                0x00001104                TimerCountWidth_Enable
 .text.TimerCountWidth_SetInterruptMode
                0x00001114        0xc .\CortexM3\ARM_GCC_541\Debug\FINAL.a(TimerCountWidth.o)
                0x00001114                TimerCountWidth_SetInterruptMode
 .text.TimerCountWidth_ReadStatusRegister
                0x00001120        0xc .\CortexM3\ARM_GCC_541\Debug\FINAL.a(TimerCountWidth.o)
                0x00001120                TimerCountWidth_ReadStatusRegister
 .text.TimerCountWidth_ReadControlRegister
                0x0000112c        0xc .\CortexM3\ARM_GCC_541\Debug\FINAL.a(TimerCountWidth.o)
                0x0000112c                TimerCountWidth_ReadControlRegister
 .text.TimerCountWidth_WritePeriod
                0x00001138        0xc .\CortexM3\ARM_GCC_541\Debug\FINAL.a(TimerCountWidth.o)
                0x00001138                TimerCountWidth_WritePeriod
 .text.TimerCountWidth_ReadCapture
                0x00001144        0xc .\CortexM3\ARM_GCC_541\Debug\FINAL.a(TimerCountWidth.o)
                0x00001144                TimerCountWidth_ReadCapture
 .text.TimerCountWidth_WriteCounter
                0x00001150        0xc .\CortexM3\ARM_GCC_541\Debug\FINAL.a(TimerCountWidth.o)
                0x00001150                TimerCountWidth_WriteCounter
 .text.TimerCountWidth_ReadCounter
                0x0000115c       0x14 .\CortexM3\ARM_GCC_541\Debug\FINAL.a(TimerCountWidth.o)
                0x0000115c                TimerCountWidth_ReadCounter
 .text.TimerCountWidth_EnableTrigger
                0x00001170       0x10 .\CortexM3\ARM_GCC_541\Debug\FINAL.a(TimerCountWidth.o)
                0x00001170                TimerCountWidth_EnableTrigger
 .text.TimerCountWidth_SetInterruptCount
                0x00001180       0x1c .\CortexM3\ARM_GCC_541\Debug\FINAL.a(TimerCountWidth.o)
                0x00001180                TimerCountWidth_SetInterruptCount
 .text.TimerCountWidth_ClearFIFO
                0x0000119c       0x14 .\CortexM3\ARM_GCC_541\Debug\FINAL.a(TimerCountWidth.o)
                0x0000119c                TimerCountWidth_ClearFIFO
 .text.TimerCountWidth_Init
                0x000011b0       0x40 .\CortexM3\ARM_GCC_541\Debug\FINAL.a(TimerCountWidth.o)
                0x000011b0                TimerCountWidth_Init
 .text.TimerCountWidth_Start
                0x000011f0       0x1c .\CortexM3\ARM_GCC_541\Debug\FINAL.a(TimerCountWidth.o)
                0x000011f0                TimerCountWidth_Start
 .text.isrPulseWidthFallingEdge_SetVector
                0x0000120c        0xc .\CortexM3\ARM_GCC_541\Debug\FINAL.a(isrPulseWidthFallingEdge.o)
                0x0000120c                isrPulseWidthFallingEdge_SetVector
 .text.isrPulseWidthFallingEdge_SetPriority
                0x00001218       0x10 .\CortexM3\ARM_GCC_541\Debug\FINAL.a(isrPulseWidthFallingEdge.o)
                0x00001218                isrPulseWidthFallingEdge_SetPriority
 .text.isrPulseWidthFallingEdge_Enable
                0x00001228        0xc .\CortexM3\ARM_GCC_541\Debug\FINAL.a(isrPulseWidthFallingEdge.o)
                0x00001228                isrPulseWidthFallingEdge_Enable
 .text.isrPulseWidthFallingEdge_Disable
                0x00001234        0xc .\CortexM3\ARM_GCC_541\Debug\FINAL.a(isrPulseWidthFallingEdge.o)
                0x00001234                isrPulseWidthFallingEdge_Disable
 .text.isrPulseWidthFallingEdge_StartEx
                0x00001240       0x1c .\CortexM3\ARM_GCC_541\Debug\FINAL.a(isrPulseWidthFallingEdge.o)
                0x00001240                isrPulseWidthFallingEdge_StartEx
 .text.SR04Trig_Write
                0x0000125c       0x18 .\CortexM3\ARM_GCC_541\Debug\FINAL.a(SR04Trig.o)
                0x0000125c                SR04Trig_Write
 .text.I2C_Init
                0x00001274       0x68 .\CortexM3\ARM_GCC_541\Debug\FINAL.a(I2C.o)
                0x00001274                I2C_Init
 .text.I2C_Enable
                0x000012dc       0x24 .\CortexM3\ARM_GCC_541\Debug\FINAL.a(I2C.o)
                0x000012dc                I2C_Enable
 .text.I2C_Start
                0x00001300       0x28 .\CortexM3\ARM_GCC_541\Debug\FINAL.a(I2C.o)
                0x00001300                I2C_Start
 .text.I2C_ISR  0x00001328      0x2d0 .\CortexM3\ARM_GCC_541\Debug\FINAL.a(I2C_INT.o)
                0x00001328                I2C_ISR
 .text.I2C_MasterSendStart
                0x000015f8       0x80 .\CortexM3\ARM_GCC_541\Debug\FINAL.a(I2C_MASTER.o)
                0x000015f8                I2C_MasterSendStart
 .text.I2C_MasterSendStop
                0x00001678       0x38 .\CortexM3\ARM_GCC_541\Debug\FINAL.a(I2C_MASTER.o)
                0x00001678                I2C_MasterSendStop
 .text.I2C_MasterWriteByte
                0x000016b0       0x58 .\CortexM3\ARM_GCC_541\Debug\FINAL.a(I2C_MASTER.o)
                0x000016b0                I2C_MasterWriteByte
 .text.CyHalt   0x00001708        0x4 .\CortexM3\ARM_GCC_541\Debug\FINAL.a(CyLib.o)
                0x00001708                CyHalt
 .text.CyDelay  0x0000170c       0x2c .\CortexM3\ARM_GCC_541\Debug\FINAL.a(CyLib.o)
                0x0000170c                CyDelay
 .text.CyDelayUs
                0x00001738       0x14 .\CortexM3\ARM_GCC_541\Debug\FINAL.a(CyLib.o)
                0x00001738                CyDelayUs
 .text.CyIntSetVector
                0x0000174c       0x28 .\CortexM3\ARM_GCC_541\Debug\FINAL.a(CyLib.o)
                0x0000174c                CyIntSetVector
 .text.CyIntSetPriority
                0x00001774       0x30 .\CortexM3\ARM_GCC_541\Debug\FINAL.a(CyLib.o)
                0x00001774                CyIntSetPriority
 .text.PWM_Enable
                0x000017a4       0x10 .\CortexM3\ARM_GCC_541\Debug\FINAL.a(PWM.o)
                0x000017a4                PWM_Enable
 .text.PWM_Stop
                0x000017b4       0x10 .\CortexM3\ARM_GCC_541\Debug\FINAL.a(PWM.o)
                0x000017b4                PWM_Stop
 .text.PWM_WriteCounter
                0x000017c4        0xc .\CortexM3\ARM_GCC_541\Debug\FINAL.a(PWM.o)
                0x000017c4                PWM_WriteCounter
 .text.PWM_WritePeriod
                0x000017d0        0xc .\CortexM3\ARM_GCC_541\Debug\FINAL.a(PWM.o)
                0x000017d0                PWM_WritePeriod
 .text.PWM_WriteCompare
                0x000017dc        0xc .\CortexM3\ARM_GCC_541\Debug\FINAL.a(PWM.o)
                0x000017dc                PWM_WriteCompare
 .text.PWM_SetInterruptMode
                0x000017e8        0xc .\CortexM3\ARM_GCC_541\Debug\FINAL.a(PWM.o)
                0x000017e8                PWM_SetInterruptMode
 .text.PWM_ReadStatusRegister
                0x000017f4        0xc .\CortexM3\ARM_GCC_541\Debug\FINAL.a(PWM.o)
                0x000017f4                PWM_ReadStatusRegister
 .text.PWM_ReadCapture
                0x00001800        0xc .\CortexM3\ARM_GCC_541\Debug\FINAL.a(PWM.o)
                0x00001800                PWM_ReadCapture
 .text.PWM_ClearFIFO
                0x0000180c       0x14 .\CortexM3\ARM_GCC_541\Debug\FINAL.a(PWM.o)
                0x0000180c                PWM_ClearFIFO
 .text.PWM_Init
                0x00001820       0x60 .\CortexM3\ARM_GCC_541\Debug\FINAL.a(PWM.o)
                0x00001820                PWM_Init
 .text.PWM_Start
                0x00001880       0x1c .\CortexM3\ARM_GCC_541\Debug\FINAL.a(PWM.o)
                0x00001880                PWM_Start
 .text.AMux_Start
                0x0000189c       0x20 .\CortexM3\ARM_GCC_541\Debug\FINAL.a(AMux.o)
                0x0000189c                AMux_Start
 .text.AMux_Select
                0x000018bc       0x18 .\CortexM3\ARM_GCC_541\Debug\FINAL.a(AMux.o)
                0x000018bc                AMux_Select
 .text.ADC_DelSig_GainCompensation
                0x000018d4       0xdc .\CortexM3\ARM_GCC_541\Debug\FINAL.a(ADC_DelSig.o)
 .text.ADC_DelSig_SetDSMRef0Reg
                0x000019b0       0x4c .\CortexM3\ARM_GCC_541\Debug\FINAL.a(ADC_DelSig.o)
 .text.ADC_DelSig_InitConfig
                0x000019fc       0xe8 .\CortexM3\ARM_GCC_541\Debug\FINAL.a(ADC_DelSig.o)
 .text.ADC_DelSig_Init
                0x00001ae4       0xc4 .\CortexM3\ARM_GCC_541\Debug\FINAL.a(ADC_DelSig.o)
                0x00001ae4                ADC_DelSig_Init
 .text.ADC_DelSig_Enable
                0x00001ba8       0xd8 .\CortexM3\ARM_GCC_541\Debug\FINAL.a(ADC_DelSig.o)
                0x00001ba8                ADC_DelSig_Enable
 .text.ADC_DelSig_Start
                0x00001c80       0x28 .\CortexM3\ARM_GCC_541\Debug\FINAL.a(ADC_DelSig.o)
                0x00001c80                ADC_DelSig_Start
 .text.ADC_DelSig_StartConvert
                0x00001ca8       0x10 .\CortexM3\ARM_GCC_541\Debug\FINAL.a(ADC_DelSig.o)
                0x00001ca8                ADC_DelSig_StartConvert
 .text.ADC_DelSig_IsEndConversion
                0x00001cb8       0x30 .\CortexM3\ARM_GCC_541\Debug\FINAL.a(ADC_DelSig.o)
                0x00001cb8                ADC_DelSig_IsEndConversion
 .text.ADC_DelSig_GetResult32
                0x00001ce8       0x6c .\CortexM3\ARM_GCC_541\Debug\FINAL.a(ADC_DelSig.o)
                0x00001ce8                ADC_DelSig_GetResult32
 .text.ADC_DelSig_ISR1
                0x00001d54        0x4 .\CortexM3\ARM_GCC_541\Debug\FINAL.a(ADC_DelSig_INT.o)
                0x00001d54                ADC_DelSig_ISR1
 .text.ADC_DelSig_AMux_Start
                0x00001d58       0x20 .\CortexM3\ARM_GCC_541\Debug\FINAL.a(ADC_DelSig_AMux.o)
                0x00001d58                ADC_DelSig_AMux_Start
 .text.ADC_DelSig_AMux_Select
                0x00001d78       0x18 .\CortexM3\ARM_GCC_541\Debug\FINAL.a(ADC_DelSig_AMux.o)
                0x00001d78                ADC_DelSig_AMux_Select
 .text.ADC_DelSig_Ext_CP_Clk_GetDividerRegister
                0x00001d90        0xc .\CortexM3\ARM_GCC_541\Debug\FINAL.a(ADC_DelSig_Ext_CP_Clk.o)
                0x00001d90                ADC_DelSig_Ext_CP_Clk_GetDividerRegister
 .text.ADC_DelSig_Ext_CP_Clk_SetModeRegister
                0x00001d9c       0x14 .\CortexM3\ARM_GCC_541\Debug\FINAL.a(ADC_DelSig_Ext_CP_Clk.o)
                0x00001d9c                ADC_DelSig_Ext_CP_Clk_SetModeRegister
 .text.ADC_DelSig_Ext_CP_Clk_GetSourceRegister
                0x00001db0       0x10 .\CortexM3\ARM_GCC_541\Debug\FINAL.a(ADC_DelSig_Ext_CP_Clk.o)
                0x00001db0                ADC_DelSig_Ext_CP_Clk_GetSourceRegister
 .text.ADC_DelSig_Ext_CP_Clk_SetDividerRegister
                0x00001dc0       0xd8 .\CortexM3\ARM_GCC_541\Debug\FINAL.a(ADC_DelSig_Ext_CP_Clk.o)
                0x00001dc0                ADC_DelSig_Ext_CP_Clk_SetDividerRegister
 .text.ADC_DelSig_theACLK_GetDividerRegister
                0x00001e98        0xc .\CortexM3\ARM_GCC_541\Debug\FINAL.a(ADC_DelSig_theACLK.o)
                0x00001e98                ADC_DelSig_theACLK_GetDividerRegister
 .text.ADC_DelSig_theACLK_SetModeRegister
                0x00001ea4       0x14 .\CortexM3\ARM_GCC_541\Debug\FINAL.a(ADC_DelSig_theACLK.o)
                0x00001ea4                ADC_DelSig_theACLK_SetModeRegister
 .text.ADC_DelSig_theACLK_GetSourceRegister
                0x00001eb8       0x10 .\CortexM3\ARM_GCC_541\Debug\FINAL.a(ADC_DelSig_theACLK.o)
                0x00001eb8                ADC_DelSig_theACLK_GetSourceRegister
 .text.ADC_DelSig_theACLK_SetDividerRegister
                0x00001ec8       0xd8 .\CortexM3\ARM_GCC_541\Debug\FINAL.a(ADC_DelSig_theACLK.o)
                0x00001ec8                ADC_DelSig_theACLK_SetDividerRegister
 .text.PWM_ServoP_Enable
                0x00001fa0       0x10 .\CortexM3\ARM_GCC_541\Debug\FINAL.a(PWM_ServoP.o)
                0x00001fa0                PWM_ServoP_Enable
 .text.PWM_ServoP_WriteCounter
                0x00001fb0        0xc .\CortexM3\ARM_GCC_541\Debug\FINAL.a(PWM_ServoP.o)
                0x00001fb0                PWM_ServoP_WriteCounter
 .text.PWM_ServoP_WritePeriod
                0x00001fbc        0xc .\CortexM3\ARM_GCC_541\Debug\FINAL.a(PWM_ServoP.o)
                0x00001fbc                PWM_ServoP_WritePeriod
 .text.PWM_ServoP_WriteCompare
                0x00001fc8        0xc .\CortexM3\ARM_GCC_541\Debug\FINAL.a(PWM_ServoP.o)
                0x00001fc8                PWM_ServoP_WriteCompare
 .text.PWM_ServoP_SetInterruptMode
                0x00001fd4        0xc .\CortexM3\ARM_GCC_541\Debug\FINAL.a(PWM_ServoP.o)
                0x00001fd4                PWM_ServoP_SetInterruptMode
 .text.PWM_ServoP_ReadStatusRegister
                0x00001fe0        0xc .\CortexM3\ARM_GCC_541\Debug\FINAL.a(PWM_ServoP.o)
                0x00001fe0                PWM_ServoP_ReadStatusRegister
 .text.PWM_ServoP_ReadCapture
                0x00001fec        0xc .\CortexM3\ARM_GCC_541\Debug\FINAL.a(PWM_ServoP.o)
                0x00001fec                PWM_ServoP_ReadCapture
 .text.PWM_ServoP_ClearFIFO
                0x00001ff8       0x14 .\CortexM3\ARM_GCC_541\Debug\FINAL.a(PWM_ServoP.o)
                0x00001ff8                PWM_ServoP_ClearFIFO
 .text.PWM_ServoP_Init
                0x0000200c       0x60 .\CortexM3\ARM_GCC_541\Debug\FINAL.a(PWM_ServoP.o)
                0x0000200c                PWM_ServoP_Init
 .text.PWM_ServoP_Start
                0x0000206c       0x1c .\CortexM3\ARM_GCC_541\Debug\FINAL.a(PWM_ServoP.o)
                0x0000206c                PWM_ServoP_Start
 .text.Clock_3_Start
                0x00002088       0x1c .\CortexM3\ARM_GCC_541\Debug\FINAL.a(Clock_3.o)
                0x00002088                Clock_3_Start
 .text.PWM_ServoT_Enable
                0x000020a4       0x10 .\CortexM3\ARM_GCC_541\Debug\FINAL.a(PWM_ServoT.o)
                0x000020a4                PWM_ServoT_Enable
 .text.PWM_ServoT_WriteCounter
                0x000020b4        0xc .\CortexM3\ARM_GCC_541\Debug\FINAL.a(PWM_ServoT.o)
                0x000020b4                PWM_ServoT_WriteCounter
 .text.PWM_ServoT_WritePeriod
                0x000020c0        0xc .\CortexM3\ARM_GCC_541\Debug\FINAL.a(PWM_ServoT.o)
                0x000020c0                PWM_ServoT_WritePeriod
 .text.PWM_ServoT_WriteCompare
                0x000020cc        0xc .\CortexM3\ARM_GCC_541\Debug\FINAL.a(PWM_ServoT.o)
                0x000020cc                PWM_ServoT_WriteCompare
 .text.PWM_ServoT_SetInterruptMode
                0x000020d8        0xc .\CortexM3\ARM_GCC_541\Debug\FINAL.a(PWM_ServoT.o)
                0x000020d8                PWM_ServoT_SetInterruptMode
 .text.PWM_ServoT_ReadStatusRegister
                0x000020e4        0xc .\CortexM3\ARM_GCC_541\Debug\FINAL.a(PWM_ServoT.o)
                0x000020e4                PWM_ServoT_ReadStatusRegister
 .text.PWM_ServoT_ReadCapture
                0x000020f0        0xc .\CortexM3\ARM_GCC_541\Debug\FINAL.a(PWM_ServoT.o)
                0x000020f0                PWM_ServoT_ReadCapture
 .text.PWM_ServoT_ClearFIFO
                0x000020fc       0x14 .\CortexM3\ARM_GCC_541\Debug\FINAL.a(PWM_ServoT.o)
                0x000020fc                PWM_ServoT_ClearFIFO
 .text.PWM_ServoT_Init
                0x00002110       0x60 .\CortexM3\ARM_GCC_541\Debug\FINAL.a(PWM_ServoT.o)
                0x00002110                PWM_ServoT_Init
 .text.PWM_ServoT_Start
                0x00002170       0x1c .\CortexM3\ARM_GCC_541\Debug\FINAL.a(PWM_ServoT.o)
                0x00002170                PWM_ServoT_Start
 .text.Clock_4_Start
                0x0000218c       0x1c .\CortexM3\ARM_GCC_541\Debug\FINAL.a(Clock_4.o)
                0x0000218c                Clock_4_Start
 .text.UART_Init
                0x000021a8       0x2c .\CortexM3\ARM_GCC_541\Debug\FINAL.a(UART.o)
                0x000021a8                UART_Init
 .text.UART_Enable
                0x000021d4       0x38 .\CortexM3\ARM_GCC_541\Debug\FINAL.a(UART.o)
                0x000021d4                UART_Enable
 .text.UART_Start
                0x0000220c       0x1c .\CortexM3\ARM_GCC_541\Debug\FINAL.a(UART.o)
                0x0000220c                UART_Start
 .text.UART_GetChar
                0x00002228       0x2c .\CortexM3\ARM_GCC_541\Debug\FINAL.a(UART.o)
                0x00002228                UART_GetChar
 .text.UART_PutChar
                0x00002254       0x18 .\CortexM3\ARM_GCC_541\Debug\FINAL.a(UART.o)
                0x00002254                UART_PutChar
 .text.ISR_ByteReceived_SetVector
                0x0000226c        0xc .\CortexM3\ARM_GCC_541\Debug\FINAL.a(ISR_ByteReceived.o)
                0x0000226c                ISR_ByteReceived_SetVector
 .text.ISR_ByteReceived_SetPriority
                0x00002278       0x10 .\CortexM3\ARM_GCC_541\Debug\FINAL.a(ISR_ByteReceived.o)
                0x00002278                ISR_ByteReceived_SetPriority
 .text.ISR_ByteReceived_Enable
                0x00002288        0xc .\CortexM3\ARM_GCC_541\Debug\FINAL.a(ISR_ByteReceived.o)
                0x00002288                ISR_ByteReceived_Enable
 .text.ISR_ByteReceived_Disable
                0x00002294        0xc .\CortexM3\ARM_GCC_541\Debug\FINAL.a(ISR_ByteReceived.o)
                0x00002294                ISR_ByteReceived_Disable
 .text.ISR_ByteReceived_StartEx
                0x000022a0       0x1c .\CortexM3\ARM_GCC_541\Debug\FINAL.a(ISR_ByteReceived.o)
                0x000022a0                ISR_ByteReceived_StartEx
 .text.UART_IntClock_Start
                0x000022bc       0x1c .\CortexM3\ARM_GCC_541\Debug\FINAL.a(UART_IntClock.o)
                0x000022bc                UART_IntClock_Start
 .text.ErrorLed_Write
                0x000022d8       0x18 .\CortexM3\ARM_GCC_541\Debug\FINAL.a(ErrorLed.o)
                0x000022d8                ErrorLed_Write
 .text.OneSec_SetVector
                0x000022f0        0xc .\CortexM3\ARM_GCC_541\Debug\FINAL.a(OneSec.o)
                0x000022f0                OneSec_SetVector
 .text.OneSec_SetPriority
                0x000022fc       0x10 .\CortexM3\ARM_GCC_541\Debug\FINAL.a(OneSec.o)
                0x000022fc                OneSec_SetPriority
 .text.OneSec_Enable
                0x0000230c        0xc .\CortexM3\ARM_GCC_541\Debug\FINAL.a(OneSec.o)
                0x0000230c                OneSec_Enable
 .text.OneSec_Disable
                0x00002318        0xc .\CortexM3\ARM_GCC_541\Debug\FINAL.a(OneSec.o)
                0x00002318                OneSec_Disable
 .text.OneSec_StartEx
                0x00002324       0x1c .\CortexM3\ARM_GCC_541\Debug\FINAL.a(OneSec.o)
                0x00002324                OneSec_StartEx
 .text.CheckPot_SetVector
                0x00002340        0xc .\CortexM3\ARM_GCC_541\Debug\FINAL.a(CheckPot.o)
                0x00002340                CheckPot_SetVector
 .text.CheckPot_SetPriority
                0x0000234c       0x10 .\CortexM3\ARM_GCC_541\Debug\FINAL.a(CheckPot.o)
                0x0000234c                CheckPot_SetPriority
 .text.CheckPot_Enable
                0x0000235c        0xc .\CortexM3\ARM_GCC_541\Debug\FINAL.a(CheckPot.o)
                0x0000235c                CheckPot_Enable
 .text.CheckPot_Disable
                0x00002368        0xc .\CortexM3\ARM_GCC_541\Debug\FINAL.a(CheckPot.o)
                0x00002368                CheckPot_Disable
 .text.CheckPot_StartEx
                0x00002374       0x1c .\CortexM3\ARM_GCC_541\Debug\FINAL.a(CheckPot.o)
                0x00002374                CheckPot_StartEx
 .text          0x00002390       0x20 .\CortexM3\ARM_GCC_541\Debug\FINAL.a(CyBootAsmGnu.o)
                0x00002390                CyDelayCycles
                0x000023a0                CyEnterCriticalSection
                0x000023a8                CyExitCriticalSection
 .text.exp      0x000023b0       0xf8 d:/cypress/psoc creator/4.2/psoc creator/import/gnu/arm/5.4.1/bin/../lib/gcc/arm-none-eabi/5.4.1/../../../../arm-none-eabi/lib/armv7-m\libm.a(lib_a-w_exp.o)
                0x000023b0                exp
 .text.pow      0x000024a8      0x330 d:/cypress/psoc creator/4.2/psoc creator/import/gnu/arm/5.4.1/bin/../lib/gcc/arm-none-eabi/5.4.1/../../../../arm-none-eabi/lib/armv7-m\libm.a(lib_a-w_pow.o)
                0x000024a8                pow
 .text.__ieee754_exp
                0x000027d8      0x2ec d:/cypress/psoc creator/4.2/psoc creator/import/gnu/arm/5.4.1/bin/../lib/gcc/arm-none-eabi/5.4.1/../../../../arm-none-eabi/lib/armv7-m\libm.a(lib_a-e_exp.o)
                0x000027d8                __ieee754_exp
 *fill*         0x00002ac4        0x4 
 .text.__ieee754_pow
                0x00002ac8      0xac4 d:/cypress/psoc creator/4.2/psoc creator/import/gnu/arm/5.4.1/bin/../lib/gcc/arm-none-eabi/5.4.1/../../../../arm-none-eabi/lib/armv7-m\libm.a(lib_a-e_pow.o)
                0x00002ac8                __ieee754_pow
 .text.__ieee754_sqrt
                0x0000358c      0x188 d:/cypress/psoc creator/4.2/psoc creator/import/gnu/arm/5.4.1/bin/../lib/gcc/arm-none-eabi/5.4.1/../../../../arm-none-eabi/lib/armv7-m\libm.a(lib_a-e_sqrt.o)
                0x0000358c                __ieee754_sqrt
 .text.fabs     0x00003714        0x8 d:/cypress/psoc creator/4.2/psoc creator/import/gnu/arm/5.4.1/bin/../lib/gcc/arm-none-eabi/5.4.1/../../../../arm-none-eabi/lib/armv7-m\libm.a(lib_a-s_fabs.o)
                0x00003714                fabs
 .text.finite   0x0000371c        0xc d:/cypress/psoc creator/4.2/psoc creator/import/gnu/arm/5.4.1/bin/../lib/gcc/arm-none-eabi/5.4.1/../../../../arm-none-eabi/lib/armv7-m\libm.a(lib_a-s_finite.o)
                0x0000371c                finite
 .text.matherr  0x00003728        0x4 d:/cypress/psoc creator/4.2/psoc creator/import/gnu/arm/5.4.1/bin/../lib/gcc/arm-none-eabi/5.4.1/../../../../arm-none-eabi/lib/armv7-m\libm.a(lib_a-s_matherr.o)
                0x00003728                matherr
 .text.nan      0x0000372c        0xc d:/cypress/psoc creator/4.2/psoc creator/import/gnu/arm/5.4.1/bin/../lib/gcc/arm-none-eabi/5.4.1/../../../../arm-none-eabi/lib/armv7-m\libm.a(lib_a-s_nan.o)
                0x0000372c                nan
 .text.rint     0x00003738      0x120 d:/cypress/psoc creator/4.2/psoc creator/import/gnu/arm/5.4.1/bin/../lib/gcc/arm-none-eabi/5.4.1/../../../../arm-none-eabi/lib/armv7-m\libm.a(lib_a-s_rint.o)
                0x00003738                rint
 .text.scalbn   0x00003858       0xe4 d:/cypress/psoc creator/4.2/psoc creator/import/gnu/arm/5.4.1/bin/../lib/gcc/arm-none-eabi/5.4.1/../../../../arm-none-eabi/lib/armv7-m\libm.a(lib_a-s_scalbn.o)
                0x00003858                scalbn
 .text.copysign
                0x0000393c       0x10 d:/cypress/psoc creator/4.2/psoc creator/import/gnu/arm/5.4.1/bin/../lib/gcc/arm-none-eabi/5.4.1/../../../../arm-none-eabi/lib/armv7-m\libm.a(lib_a-s_copysign.o)
                0x0000393c                copysign
 .text          0x0000394c      0x370 d:/cypress/psoc creator/4.2/psoc creator/import/gnu/arm/5.4.1/bin/../lib/gcc/arm-none-eabi/5.4.1/armv7-m\libgcc.a(_arm_addsubdf3.o)
                0x0000394c                __aeabi_drsub
                0x00003954                __aeabi_dsub
                0x00003954                __subdf3
                0x00003958                __aeabi_dadd
                0x00003958                __adddf3
                0x00003bd0                __floatunsidf
                0x00003bd0                __aeabi_ui2d
                0x00003bf0                __floatsidf
                0x00003bf0                __aeabi_i2d
                0x00003c14                __aeabi_f2d
                0x00003c14                __extendsfdf2
                0x00003c50                __floatundidf
                0x00003c50                __aeabi_ul2d
                0x00003c60                __floatdidf
                0x00003c60                __aeabi_l2d
 .text          0x00003cbc      0x424 d:/cypress/psoc creator/4.2/psoc creator/import/gnu/arm/5.4.1/bin/../lib/gcc/arm-none-eabi/5.4.1/armv7-m\libgcc.a(_arm_muldivdf3.o)
                0x00003cbc                __aeabi_dmul
                0x00003cbc                __muldf3
                0x00003f10                __divdf3
                0x00003f10                __aeabi_ddiv
 .text          0x000040e0      0x110 d:/cypress/psoc creator/4.2/psoc creator/import/gnu/arm/5.4.1/bin/../lib/gcc/arm-none-eabi/5.4.1/armv7-m\libgcc.a(_arm_cmpdf2.o)
                0x000040e0                __gtdf2
                0x000040e0                __gedf2
                0x000040e8                __ltdf2
                0x000040e8                __ledf2
                0x000040f0                __nedf2
                0x000040f0                __eqdf2
                0x000040f0                __cmpdf2
                0x0000416c                __aeabi_cdrcmple
                0x0000417c                __aeabi_cdcmpeq
                0x0000417c                __aeabi_cdcmple
                0x0000418c                __aeabi_dcmpeq
                0x000041a0                __aeabi_dcmplt
                0x000041b4                __aeabi_dcmple
                0x000041c8                __aeabi_dcmpge
                0x000041dc                __aeabi_dcmpgt
 .text          0x000041f0       0x2c d:/cypress/psoc creator/4.2/psoc creator/import/gnu/arm/5.4.1/bin/../lib/gcc/arm-none-eabi/5.4.1/armv7-m\libgcc.a(_arm_unorddf2.o)
                0x000041f0                __unorddf2
                0x000041f0                __aeabi_dcmpun
 .text          0x0000421c       0x50 d:/cypress/psoc creator/4.2/psoc creator/import/gnu/arm/5.4.1/bin/../lib/gcc/arm-none-eabi/5.4.1/armv7-m\libgcc.a(_arm_fixdfsi.o)
                0x0000421c                __aeabi_d2iz
                0x0000421c                __fixdfsi
 .text          0x0000426c       0x40 d:/cypress/psoc creator/4.2/psoc creator/import/gnu/arm/5.4.1/bin/../lib/gcc/arm-none-eabi/5.4.1/armv7-m\libgcc.a(_arm_fixunsdfsi.o)
                0x0000426c                __aeabi_d2uiz
                0x0000426c                __fixunsdfsi
 .text          0x000042ac       0xa0 d:/cypress/psoc creator/4.2/psoc creator/import/gnu/arm/5.4.1/bin/../lib/gcc/arm-none-eabi/5.4.1/armv7-m\libgcc.a(_arm_truncdfsf2.o)
                0x000042ac                __truncdfsf2
                0x000042ac                __aeabi_d2f
 .text          0x0000434c      0x21c d:/cypress/psoc creator/4.2/psoc creator/import/gnu/arm/5.4.1/bin/../lib/gcc/arm-none-eabi/5.4.1/armv7-m\libgcc.a(_arm_addsubsf3.o)
                0x0000434c                __aeabi_frsub
                0x00004354                __subsf3
                0x00004354                __aeabi_fsub
                0x00004358                __aeabi_fadd
                0x00004358                __addsf3
                0x000044b8                __aeabi_ui2f
                0x000044b8                __floatunsisf
                0x000044c0                __aeabi_i2f
                0x000044c0                __floatsisf
                0x000044dc                __aeabi_ul2f
                0x000044dc                __floatundisf
                0x000044ec                __aeabi_l2f
                0x000044ec                __floatdisf
 .text          0x00004568       0xec d:/cypress/psoc creator/4.2/psoc creator/import/gnu/arm/5.4.1/bin/../lib/gcc/arm-none-eabi/5.4.1/armv7-m\libgcc.a(_arm_cmpsf2.o)
                0x00004568                __gesf2
                0x00004568                __gtsf2
                0x00004570                __lesf2
                0x00004570                __ltsf2
                0x00004578                __nesf2
                0x00004578                __eqsf2
                0x00004578                __cmpsf2
                0x000045d8                __aeabi_cfrcmple
                0x000045e0                __aeabi_cfcmpeq
                0x000045e0                __aeabi_cfcmple
                0x000045f0                __aeabi_fcmpeq
                0x00004604                __aeabi_fcmplt
                0x00004618                __aeabi_fcmple
                0x0000462c                __aeabi_fcmpge
                0x00004640                __aeabi_fcmpgt
 .text          0x00004654       0x40 d:/cypress/psoc creator/4.2/psoc creator/import/gnu/arm/5.4.1/bin/../lib/gcc/arm-none-eabi/5.4.1/armv7-m\libgcc.a(_arm_fixunssfsi.o)
                0x00004654                __fixunssfsi
                0x00004654                __aeabi_f2uiz
 .text.__errno  0x00004694        0xc d:/cypress/psoc creator/4.2/psoc creator/import/gnu/arm/5.4.1/bin/../lib/gcc/arm-none-eabi/5.4.1/../../../../arm-none-eabi/lib/armv7-m\libg_nano.a(lib_a-errno.o)
                0x00004694                __errno
 .text.__libc_init_array
                0x000046a0       0x4c d:/cypress/psoc creator/4.2/psoc creator/import/gnu/arm/5.4.1/bin/../lib/gcc/arm-none-eabi/5.4.1/../../../../arm-none-eabi/lib/armv7-m\libg_nano.a(lib_a-init.o)
                0x000046a0                __libc_init_array
 .text.memcpy   0x000046ec       0x16 d:/cypress/psoc creator/4.2/psoc creator/import/gnu/arm/5.4.1/bin/../lib/gcc/arm-none-eabi/5.4.1/../../../../arm-none-eabi/lib/armv7-m\libg_nano.a(lib_a-memcpy-stub.o)
                0x000046ec                memcpy
 .text.memset   0x00004702       0x10 d:/cypress/psoc creator/4.2/psoc creator/import/gnu/arm/5.4.1/bin/../lib/gcc/arm-none-eabi/5.4.1/../../../../arm-none-eabi/lib/armv7-m\libg_nano.a(lib_a-memset.o)
                0x00004702                memset
 .text.__cvt    0x00004712       0xc0 d:/cypress/psoc creator/4.2/psoc creator/import/gnu/arm/5.4.1/bin/../lib/gcc/arm-none-eabi/5.4.1/../../../../arm-none-eabi/lib/armv7-m\libg_nano.a(lib_a-nano-vfprintf_float.o)
                0x00004712                __cvt
 .text.__exponent
                0x000047d2       0x62 d:/cypress/psoc creator/4.2/psoc creator/import/gnu/arm/5.4.1/bin/../lib/gcc/arm-none-eabi/5.4.1/../../../../arm-none-eabi/lib/armv7-m\libg_nano.a(lib_a-nano-vfprintf_float.o)
                0x000047d2                __exponent
 .text._printf_float
                0x00004834      0x488 d:/cypress/psoc creator/4.2/psoc creator/import/gnu/arm/5.4.1/bin/../lib/gcc/arm-none-eabi/5.4.1/../../../../arm-none-eabi/lib/armv7-m\libg_nano.a(lib_a-nano-vfprintf_float.o)
                0x00004834                _printf_float
 .text._printf_common
                0x00004cbc       0xec d:/cypress/psoc creator/4.2/psoc creator/import/gnu/arm/5.4.1/bin/../lib/gcc/arm-none-eabi/5.4.1/../../../../arm-none-eabi/lib/armv7-m\libg_nano.a(lib_a-nano-vfprintf_i.o)
                0x00004cbc                _printf_common
 .text._printf_i
                0x00004da8      0x24c d:/cypress/psoc creator/4.2/psoc creator/import/gnu/arm/5.4.1/bin/../lib/gcc/arm-none-eabi/5.4.1/../../../../arm-none-eabi/lib/armv7-m\libg_nano.a(lib_a-nano-vfprintf_i.o)
                0x00004da8                _printf_i
 .text.sprintf  0x00004ff4       0x48 d:/cypress/psoc creator/4.2/psoc creator/import/gnu/arm/5.4.1/bin/../lib/gcc/arm-none-eabi/5.4.1/../../../../arm-none-eabi/lib/armv7-m\libg_nano.a(lib_a-sprintf.o)
                0x00004ff4                siprintf
                0x00004ff4                sprintf
 .text          0x0000503c       0x10 d:/cypress/psoc creator/4.2/psoc creator/import/gnu/arm/5.4.1/bin/../lib/gcc/arm-none-eabi/5.4.1/../../../../arm-none-eabi/lib/armv7-m\libg_nano.a(lib_a-strlen.o)
                0x0000503c                strlen
 .text.quorem   0x0000504c      0x116 d:/cypress/psoc creator/4.2/psoc creator/import/gnu/arm/5.4.1/bin/../lib/gcc/arm-none-eabi/5.4.1/../../../../arm-none-eabi/lib/armv7-m\libg_nano.a(lib_a-dtoa.o)
 *fill*         0x00005162        0x6 
 .text._dtoa_r  0x00005168      0xb30 d:/cypress/psoc creator/4.2/psoc creator/import/gnu/arm/5.4.1/bin/../lib/gcc/arm-none-eabi/5.4.1/../../../../arm-none-eabi/lib/armv7-m\libg_nano.a(lib_a-dtoa.o)
                0x00005168                _dtoa_r
 .text._localeconv_r
                0x00005c98        0x8 d:/cypress/psoc creator/4.2/psoc creator/import/gnu/arm/5.4.1/bin/../lib/gcc/arm-none-eabi/5.4.1/../../../../arm-none-eabi/lib/armv7-m\libg_nano.a(lib_a-locale.o)
                0x00005c98                _localeconv_r
 .text.malloc   0x00005ca0       0x10 d:/cypress/psoc creator/4.2/psoc creator/import/gnu/arm/5.4.1/bin/../lib/gcc/arm-none-eabi/5.4.1/../../../../arm-none-eabi/lib/armv7-m\libg_nano.a(lib_a-malloc.o)
                0x00005ca0                malloc
 .text.memchr   0x00005cb0       0x1c d:/cypress/psoc creator/4.2/psoc creator/import/gnu/arm/5.4.1/bin/../lib/gcc/arm-none-eabi/5.4.1/../../../../arm-none-eabi/lib/armv7-m\libg_nano.a(lib_a-memchr-stub.o)
                0x00005cb0                memchr
 .text._Balloc  0x00005ccc       0x6a d:/cypress/psoc creator/4.2/psoc creator/import/gnu/arm/5.4.1/bin/../lib/gcc/arm-none-eabi/5.4.1/../../../../arm-none-eabi/lib/armv7-m\libg_nano.a(lib_a-mprec.o)
                0x00005ccc                _Balloc
 .text._Bfree   0x00005d36       0x2e d:/cypress/psoc creator/4.2/psoc creator/import/gnu/arm/5.4.1/bin/../lib/gcc/arm-none-eabi/5.4.1/../../../../arm-none-eabi/lib/armv7-m\libg_nano.a(lib_a-mprec.o)
                0x00005d36                _Bfree
 .text.__multadd
                0x00005d64       0x76 d:/cypress/psoc creator/4.2/psoc creator/import/gnu/arm/5.4.1/bin/../lib/gcc/arm-none-eabi/5.4.1/../../../../arm-none-eabi/lib/armv7-m\libg_nano.a(lib_a-mprec.o)
                0x00005d64                __multadd
 .text.__hi0bits
                0x00005dda       0x40 d:/cypress/psoc creator/4.2/psoc creator/import/gnu/arm/5.4.1/bin/../lib/gcc/arm-none-eabi/5.4.1/../../../../arm-none-eabi/lib/armv7-m\libg_nano.a(lib_a-mprec.o)
                0x00005dda                __hi0bits
 .text.__lo0bits
                0x00005e1a       0x5a d:/cypress/psoc creator/4.2/psoc creator/import/gnu/arm/5.4.1/bin/../lib/gcc/arm-none-eabi/5.4.1/../../../../arm-none-eabi/lib/armv7-m\libg_nano.a(lib_a-mprec.o)
                0x00005e1a                __lo0bits
 .text.__i2b    0x00005e74       0x12 d:/cypress/psoc creator/4.2/psoc creator/import/gnu/arm/5.4.1/bin/../lib/gcc/arm-none-eabi/5.4.1/../../../../arm-none-eabi/lib/armv7-m\libg_nano.a(lib_a-mprec.o)
                0x00005e74                __i2b
 .text.__multiply
                0x00005e86      0x120 d:/cypress/psoc creator/4.2/psoc creator/import/gnu/arm/5.4.1/bin/../lib/gcc/arm-none-eabi/5.4.1/../../../../arm-none-eabi/lib/armv7-m\libg_nano.a(lib_a-mprec.o)
                0x00005e86                __multiply
 *fill*         0x00005fa6        0x2 
 .text.__pow5mult
                0x00005fa8       0x9c d:/cypress/psoc creator/4.2/psoc creator/import/gnu/arm/5.4.1/bin/../lib/gcc/arm-none-eabi/5.4.1/../../../../arm-none-eabi/lib/armv7-m\libg_nano.a(lib_a-mprec.o)
                0x00005fa8                __pow5mult
 .text.__lshift
                0x00006044       0xa2 d:/cypress/psoc creator/4.2/psoc creator/import/gnu/arm/5.4.1/bin/../lib/gcc/arm-none-eabi/5.4.1/../../../../arm-none-eabi/lib/armv7-m\libg_nano.a(lib_a-mprec.o)
                0x00006044                __lshift
 .text.__mcmp   0x000060e6       0x38 d:/cypress/psoc creator/4.2/psoc creator/import/gnu/arm/5.4.1/bin/../lib/gcc/arm-none-eabi/5.4.1/../../../../arm-none-eabi/lib/armv7-m\libg_nano.a(lib_a-mprec.o)
                0x000060e6                __mcmp
 .text.__mdiff  0x0000611e       0xbe d:/cypress/psoc creator/4.2/psoc creator/import/gnu/arm/5.4.1/bin/../lib/gcc/arm-none-eabi/5.4.1/../../../../arm-none-eabi/lib/armv7-m\libg_nano.a(lib_a-mprec.o)
                0x0000611e                __mdiff
 .text.__d2b    0x000061dc       0x9c d:/cypress/psoc creator/4.2/psoc creator/import/gnu/arm/5.4.1/bin/../lib/gcc/arm-none-eabi/5.4.1/../../../../arm-none-eabi/lib/armv7-m\libg_nano.a(lib_a-mprec.o)
                0x000061dc                __d2b
 .text._calloc_r
                0x00006278       0x1c d:/cypress/psoc creator/4.2/psoc creator/import/gnu/arm/5.4.1/bin/../lib/gcc/arm-none-eabi/5.4.1/../../../../arm-none-eabi/lib/armv7-m\libg_nano.a(lib_a-nano-callocr.o)
                0x00006278                _calloc_r
 .text._free_r  0x00006294       0x98 d:/cypress/psoc creator/4.2/psoc creator/import/gnu/arm/5.4.1/bin/../lib/gcc/arm-none-eabi/5.4.1/../../../../arm-none-eabi/lib/armv7-m\libg_nano.a(lib_a-nano-freer.o)
                0x00006294                _free_r
 .text._malloc_r
                0x0000632c       0xbc d:/cypress/psoc creator/4.2/psoc creator/import/gnu/arm/5.4.1/bin/../lib/gcc/arm-none-eabi/5.4.1/../../../../arm-none-eabi/lib/armv7-m\libg_nano.a(lib_a-nano-mallocr.o)
                0x0000632c                _malloc_r
 .text.__ssputs_r
                0x000063e8       0xb2 d:/cypress/psoc creator/4.2/psoc creator/import/gnu/arm/5.4.1/bin/../lib/gcc/arm-none-eabi/5.4.1/../../../../arm-none-eabi/lib/armv7-m\libg_nano.a(lib_a-nano-svfprintf.o)
                0x000063e8                __ssputs_r
 *fill*         0x0000649a        0x2 
 .text._svfprintf_r
                0x0000649c      0x1e8 d:/cypress/psoc creator/4.2/psoc creator/import/gnu/arm/5.4.1/bin/../lib/gcc/arm-none-eabi/5.4.1/../../../../arm-none-eabi/lib/armv7-m\libg_nano.a(lib_a-nano-svfprintf.o)
                0x0000649c                _svfiprintf_r
                0x0000649c                _svfprintf_r
 .text._sbrk_r  0x00006684       0x20 d:/cypress/psoc creator/4.2/psoc creator/import/gnu/arm/5.4.1/bin/../lib/gcc/arm-none-eabi/5.4.1/../../../../arm-none-eabi/lib/armv7-m\libg_nano.a(lib_a-sbrkr.o)
                0x00006684                _sbrk_r
 .text.memmove  0x000066a4       0x36 d:/cypress/psoc creator/4.2/psoc creator/import/gnu/arm/5.4.1/bin/../lib/gcc/arm-none-eabi/5.4.1/../../../../arm-none-eabi/lib/armv7-m\libg_nano.a(lib_a-memmove.o)
                0x000066a4                memmove
 .text.__malloc_lock
                0x000066da        0x2 d:/cypress/psoc creator/4.2/psoc creator/import/gnu/arm/5.4.1/bin/../lib/gcc/arm-none-eabi/5.4.1/../../../../arm-none-eabi/lib/armv7-m\libg_nano.a(lib_a-mlock.o)
                0x000066da                __malloc_lock
 .text.__malloc_unlock
                0x000066dc        0x2 d:/cypress/psoc creator/4.2/psoc creator/import/gnu/arm/5.4.1/bin/../lib/gcc/arm-none-eabi/5.4.1/../../../../arm-none-eabi/lib/armv7-m\libg_nano.a(lib_a-mlock.o)
                0x000066dc                __malloc_unlock
 .text._realloc_r
                0x000066de       0x4c d:/cypress/psoc creator/4.2/psoc creator/import/gnu/arm/5.4.1/bin/../lib/gcc/arm-none-eabi/5.4.1/../../../../arm-none-eabi/lib/armv7-m\libg_nano.a(lib_a-nano-reallocr.o)
                0x000066de                _realloc_r
 .text._malloc_usable_size_r
                0x0000672a       0x14 d:/cypress/psoc creator/4.2/psoc creator/import/gnu/arm/5.4.1/bin/../lib/gcc/arm-none-eabi/5.4.1/../../../../arm-none-eabi/lib/armv7-m\libg_nano.a(lib_a-nano-msizer.o)
                0x0000672a                _malloc_usable_size_r
 *(.plt)
 *(.gnu.warning)
 *(.glue_7t)
 .glue_7t       0x0000673e        0x0 linker stubs
 *(.glue_7)
 .glue_7        0x0000673e        0x0 linker stubs
 *(.vfp11_veneer)
 .vfp11_veneer  0x0000673e        0x0 linker stubs
 *(.bootloader)
 *(.ARM.extab* .gnu.linkonce.armextab.*)
 *(.gcc_except_table)

.v4_bx          0x00006740        0x0
 .v4_bx         0x00006740        0x0 linker stubs

.iplt           0x00006740        0x0
 .iplt          0x00006740        0x0 d:/cypress/psoc creator/4.2/psoc creator/import/gnu/arm/5.4.1/bin/../lib/gcc/arm-none-eabi/5.4.1/armv7-m/crtbegin.o

.eh_frame_hdr
 *(.eh_frame_hdr)

.eh_frame       0x00006740        0x4
 *(.eh_frame)
 .eh_frame      0x00006740        0x0 d:/cypress/psoc creator/4.2/psoc creator/import/gnu/arm/5.4.1/bin/../lib/gcc/arm-none-eabi/5.4.1/armv7-m/crtbegin.o
 .eh_frame      0x00006740        0x4 d:/cypress/psoc creator/4.2/psoc creator/import/gnu/arm/5.4.1/bin/../lib/gcc/arm-none-eabi/5.4.1/armv7-m/crtend.o
                [!provide]                PROVIDE (__exidx_start, .)

.ARM.exidx
 *(.ARM.exidx* .gnu.linkonce.armexidx.*)
                0x00006744                __exidx_end = .

.rodata         0x00006748      0x480
 *(.rodata .rodata.* .gnu.linkonce.r.*)
 .rodata.str1.4
                0x00006748      0x231 .\CortexM3\ARM_GCC_541\Debug\main.o
 *fill*         0x00006979        0x3 
 .rodata        0x0000697c       0x66 .\CortexM3\ARM_GCC_541\Debug\cyfitter_cfg.o
                0x0000697c                AMux__addrTable
                0x00006994                AMux__maskTable
                0x0000699c                ADC_DelSig_AMux__addrTable
                0x000069a4                ADC_DelSig_AMux__maskTable
 *fill*         0x000069e2        0x2 
 .rodata.str1.4
                0x000069e4        0x4 d:/cypress/psoc creator/4.2/psoc creator/import/gnu/arm/5.4.1/bin/../lib/gcc/arm-none-eabi/5.4.1/../../../../arm-none-eabi/lib/armv7-m\libm.a(lib_a-w_exp.o)
 .rodata.str1.4
                0x000069e8        0x4 d:/cypress/psoc creator/4.2/psoc creator/import/gnu/arm/5.4.1/bin/../lib/gcc/arm-none-eabi/5.4.1/../../../../arm-none-eabi/lib/armv7-m\libm.a(lib_a-w_pow.o)
 *fill*         0x000069ec        0x4 
 .rodata.halF   0x000069f0       0x10 d:/cypress/psoc creator/4.2/psoc creator/import/gnu/arm/5.4.1/bin/../lib/gcc/arm-none-eabi/5.4.1/../../../../arm-none-eabi/lib/armv7-m\libm.a(lib_a-e_exp.o)
 .rodata.ln2LO  0x00006a00       0x10 d:/cypress/psoc creator/4.2/psoc creator/import/gnu/arm/5.4.1/bin/../lib/gcc/arm-none-eabi/5.4.1/../../../../arm-none-eabi/lib/armv7-m\libm.a(lib_a-e_exp.o)
 .rodata.ln2HI  0x00006a10       0x10 d:/cypress/psoc creator/4.2/psoc creator/import/gnu/arm/5.4.1/bin/../lib/gcc/arm-none-eabi/5.4.1/../../../../arm-none-eabi/lib/armv7-m\libm.a(lib_a-e_exp.o)
 .rodata.str1.4
                0x00006a20        0x4 d:/cypress/psoc creator/4.2/psoc creator/import/gnu/arm/5.4.1/bin/../lib/gcc/arm-none-eabi/5.4.1/../../../../arm-none-eabi/lib/armv7-m\libm.a(lib_a-e_pow.o)
                                  0x1 (size before relaxing)
 .rodata.TWO52  0x00006a20       0x10 d:/cypress/psoc creator/4.2/psoc creator/import/gnu/arm/5.4.1/bin/../lib/gcc/arm-none-eabi/5.4.1/../../../../arm-none-eabi/lib/armv7-m\libm.a(lib_a-s_rint.o)
 .rodata.str1.1
                0x00006a30        0x2 d:/cypress/psoc creator/4.2/psoc creator/import/gnu/arm/5.4.1/bin/../lib/gcc/arm-none-eabi/5.4.1/../../../../arm-none-eabi/lib/armv7-m\libg_nano.a(lib_a-impure.o)
 .rodata.str1.1
                0x00006a32       0x12 d:/cypress/psoc creator/4.2/psoc creator/import/gnu/arm/5.4.1/bin/../lib/gcc/arm-none-eabi/5.4.1/../../../../arm-none-eabi/lib/armv7-m\libg_nano.a(lib_a-nano-vfprintf_float.o)
 .rodata.str1.1
                0x00006a44       0x22 d:/cypress/psoc creator/4.2/psoc creator/import/gnu/arm/5.4.1/bin/../lib/gcc/arm-none-eabi/5.4.1/../../../../arm-none-eabi/lib/armv7-m\libg_nano.a(lib_a-nano-vfprintf_i.o)
 .rodata.str1.1
                0x00006a66        0xd d:/cypress/psoc creator/4.2/psoc creator/import/gnu/arm/5.4.1/bin/../lib/gcc/arm-none-eabi/5.4.1/../../../../arm-none-eabi/lib/armv7-m\libg_nano.a(lib_a-dtoa.o)
                                  0xf (size before relaxing)
 .rodata.str1.1
                0x00006a73        0x8 d:/cypress/psoc creator/4.2/psoc creator/import/gnu/arm/5.4.1/bin/../lib/gcc/arm-none-eabi/5.4.1/../../../../arm-none-eabi/lib/armv7-m\libg_nano.a(lib_a-locale.o)
                                  0xb (size before relaxing)
 *fill*         0x00006a7b        0x5 
 .rodata.__mprec_tens
                0x00006a80       0xc8 d:/cypress/psoc creator/4.2/psoc creator/import/gnu/arm/5.4.1/bin/../lib/gcc/arm-none-eabi/5.4.1/../../../../arm-none-eabi/lib/armv7-m\libg_nano.a(lib_a-mprec.o)
                0x00006a80                __mprec_tens
 .rodata.p05.5408
                0x00006b48        0xc d:/cypress/psoc creator/4.2/psoc creator/import/gnu/arm/5.4.1/bin/../lib/gcc/arm-none-eabi/5.4.1/../../../../arm-none-eabi/lib/armv7-m\libg_nano.a(lib_a-mprec.o)
 *fill*         0x00006b54        0x4 
 .rodata.__mprec_bigtens
                0x00006b58       0x28 d:/cypress/psoc creator/4.2/psoc creator/import/gnu/arm/5.4.1/bin/../lib/gcc/arm-none-eabi/5.4.1/../../../../arm-none-eabi/lib/armv7-m\libg_nano.a(lib_a-mprec.o)
                0x00006b58                __mprec_bigtens
 .rodata.str1.1
                0x00006b80       0x11 d:/cypress/psoc creator/4.2/psoc creator/import/gnu/arm/5.4.1/bin/../lib/gcc/arm-none-eabi/5.4.1/../../../../arm-none-eabi/lib/armv7-m\libg_nano.a(lib_a-nano-svfprintf.o)
                0x00006b94                . = ALIGN (0x4)
 *fill*         0x00006b91        0x3 
 *(.init)
 .init          0x00006b94        0x4 d:/cypress/psoc creator/4.2/psoc creator/import/gnu/arm/5.4.1/bin/../lib/gcc/arm-none-eabi/5.4.1/armv7-m/crti.o
                0x00006b94                _init
 .init          0x00006b98        0x8 d:/cypress/psoc creator/4.2/psoc creator/import/gnu/arm/5.4.1/bin/../lib/gcc/arm-none-eabi/5.4.1/armv7-m/crtn.o
                0x00006ba0                . = ALIGN (0x4)
                0x00006ba0                __preinit_array_start = .
 *(.preinit_array)
                0x00006ba0                __preinit_array_end = .
                0x00006ba0                . = ALIGN (0x4)
                0x00006ba0                __init_array_start = .
 *(SORT(.init_array.*))
 *(.init_array)
 .init_array    0x00006ba0        0x4 d:/cypress/psoc creator/4.2/psoc creator/import/gnu/arm/5.4.1/bin/../lib/gcc/arm-none-eabi/5.4.1/armv7-m/crtbegin.o
 .init_array    0x00006ba4        0x4 .\CortexM3\ARM_GCC_541\Debug\Cm3Start.o
                0x00006ba8                __init_array_end = .
                0x00006ba8                . = ALIGN (0x4)
 *(.fini)
 .fini          0x00006ba8        0x4 d:/cypress/psoc creator/4.2/psoc creator/import/gnu/arm/5.4.1/bin/../lib/gcc/arm-none-eabi/5.4.1/armv7-m/crti.o
                0x00006ba8                _fini
 .fini          0x00006bac        0x8 d:/cypress/psoc creator/4.2/psoc creator/import/gnu/arm/5.4.1/bin/../lib/gcc/arm-none-eabi/5.4.1/armv7-m/crtn.o
                0x00006bb4                . = ALIGN (0x4)
                0x00006bb4                __fini_array_start = .
 *(.fini_array)
 .fini_array    0x00006bb4        0x4 d:/cypress/psoc creator/4.2/psoc creator/import/gnu/arm/5.4.1/bin/../lib/gcc/arm-none-eabi/5.4.1/armv7-m/crtbegin.o
 *(SORT(.fini_array.*))
                0x00006bb8                __fini_array_end = .
                0x00006bb8                . = ALIGN (0x4)
 *crtbegin.o(.ctors)
 *(EXCLUDE_FILE(*crtend.o) .ctors)
 *(SORT(.ctors.*))
 *crtend.o(.ctors)
                0x00006bb8                . = ALIGN (0x4)
 *crtbegin.o(.dtors)
 *(EXCLUDE_FILE(*crtend.o) .dtors)
 *(SORT(.dtors.*))
 *crtend.o(.dtors)
                0x00006bb8                . = ALIGN (0x4)
                0x00006bb8                __cy_regions = .
                0x00006bb8        0x4 LONG 0x6bc8 __cy_region_init_ram
                0x00006bbc        0x4 LONG 0x1fff80c8 __cy_region_start_data
                0x00006bc0        0x4 LONG 0xb8 __cy_region_init_size_ram
                0x00006bc4        0x4 LONG 0x60 __cy_region_zero_size_ram
                0x00006bc8                __cy_regions_end = .
                0x00006bc8                . = ALIGN (0x8)
                0x00006bc8                _etext = .

.cy_checksum_exclude
                0x00006bc8        0x0
 *(.cy_checksum_exclude)

.ramvectors     0x1fff8000       0xc0
                0x1fff8000                __cy_region_start_ram = .
 *(.ramvectors)
 .ramvectors    0x1fff8000       0xc0 .\CortexM3\ARM_GCC_541\Debug\Cm3Start.o
                0x1fff8000                CyRamVectors

.noinit         0x1fff80c0        0x1
 *(.noinit)
 .noinit        0x1fff80c0        0x1 .\CortexM3\ARM_GCC_541\Debug\FINAL.a(CyLib.o)
                0x1fff80c0                CyResetStatus

.data           0x1fff80c8       0xb8 load address 0x00006bc8
                0x1fff80c8                __cy_region_start_data = .
 *(.jcr)
 .jcr           0x1fff80c8        0x0 d:/cypress/psoc creator/4.2/psoc creator/import/gnu/arm/5.4.1/bin/../lib/gcc/arm-none-eabi/5.4.1/armv7-m/crtbegin.o
 .jcr           0x1fff80c8        0x4 d:/cypress/psoc creator/4.2/psoc creator/import/gnu/arm/5.4.1/bin/../lib/gcc/arm-none-eabi/5.4.1/armv7-m/crtend.o
 *(.got.plt)
 *(.got)
 *(.shdata)
 *(.data .data.* .gnu.linkonce.d.*)
 .data          0x1fff80cc        0x4 .\CortexM3\ARM_GCC_541\Debug\Cm3Start.o
 .data          0x1fff80d0       0x10 .\CortexM3\ARM_GCC_541\Debug\FINAL.a(CyLib.o)
                0x1fff80d0                cydelay_32k_ms
                0x1fff80d4                cydelay_freq_khz
                0x1fff80d8                cydelay_freq_mhz
                0x1fff80dc                cydelay_freq_hz
 .data          0x1fff80e0        0x1 .\CortexM3\ARM_GCC_541\Debug\FINAL.a(AMux.o)
 .data          0x1fff80e1        0x1 .\CortexM3\ARM_GCC_541\Debug\FINAL.a(ADC_DelSig.o)
                0x1fff80e1                ADC_DelSig_Config
 .data          0x1fff80e2        0x1 .\CortexM3\ARM_GCC_541\Debug\FINAL.a(ADC_DelSig_AMux.o)
 .data.__fdlib_version
                0x1fff80e3        0x1 d:/cypress/psoc creator/4.2/psoc creator/import/gnu/arm/5.4.1/bin/../lib/gcc/arm-none-eabi/5.4.1/../../../../arm-none-eabi/lib/armv7-m\libm.a(lib_a-s_lib_ver.o)
                0x1fff80e3                __fdlib_version
 .data.impure_data
                0x1fff80e4       0x60 d:/cypress/psoc creator/4.2/psoc creator/import/gnu/arm/5.4.1/bin/../lib/gcc/arm-none-eabi/5.4.1/../../../../arm-none-eabi/lib/armv7-m\libg_nano.a(lib_a-impure.o)
 .data._impure_ptr
                0x1fff8144        0x4 d:/cypress/psoc creator/4.2/psoc creator/import/gnu/arm/5.4.1/bin/../lib/gcc/arm-none-eabi/5.4.1/../../../../arm-none-eabi/lib/armv7-m\libg_nano.a(lib_a-impure.o)
                0x1fff8144                _impure_ptr
 .data.lconv    0x1fff8148       0x38 d:/cypress/psoc creator/4.2/psoc creator/import/gnu/arm/5.4.1/bin/../lib/gcc/arm-none-eabi/5.4.1/../../../../arm-none-eabi/lib/armv7-m\libg_nano.a(lib_a-locale.o)
                0x1fff8180                . = ALIGN (0x8)
 *(.ram)
                0x1fff8180                _edata = .

.igot.plt       0x1fff8180        0x0 load address 0x00006c80
 .igot.plt      0x1fff8180        0x0 d:/cypress/psoc creator/4.2/psoc creator/import/gnu/arm/5.4.1/bin/../lib/gcc/arm-none-eabi/5.4.1/armv7-m/crtbegin.o

.bss            0x1fff8180       0x60 load address 0x00006c80
                0x1fff8180                PROVIDE (__bss_start__, .)
 *(.shbss)
 *(.bss .bss.* .gnu.linkonce.b.*)
 .bss           0x1fff8180       0x1c d:/cypress/psoc creator/4.2/psoc creator/import/gnu/arm/5.4.1/bin/../lib/gcc/arm-none-eabi/5.4.1/armv7-m/crtbegin.o
 .bss           0x1fff819c        0x3 .\CortexM3\ARM_GCC_541\Debug\main.o
                0x1fff819c                _1sec
                0x1fff819d                _0_3sec
                0x1fff819e                byteReady
 .bss           0x1fff819f        0x1 .\CortexM3\ARM_GCC_541\Debug\FINAL.a(TimerCountWidth.o)
                0x1fff819f                TimerCountWidth_initVar
 .bss           0x1fff81a0        0x1 .\CortexM3\ARM_GCC_541\Debug\FINAL.a(I2C.o)
                0x1fff81a0                I2C_initVar
 .bss           0x1fff81a1        0x1 .\CortexM3\ARM_GCC_541\Debug\FINAL.a(PWM.o)
                0x1fff81a1                PWM_initVar
 *fill*         0x1fff81a2        0x2 
 .bss           0x1fff81a4        0xc .\CortexM3\ARM_GCC_541\Debug\FINAL.a(ADC_DelSig.o)
                0x1fff81a8                ADC_DelSig_stopConversion
                0x1fff81a9                ADC_DelSig_convDone
                0x1fff81aa                ADC_DelSig_initVar
                0x1fff81ab                ADC_DelSig_started
                0x1fff81ac                ADC_DelSig_Offset
 .bss           0x1fff81b0        0x1 .\CortexM3\ARM_GCC_541\Debug\FINAL.a(PWM_ServoP.o)
                0x1fff81b0                PWM_ServoP_initVar
 .bss           0x1fff81b1        0x1 .\CortexM3\ARM_GCC_541\Debug\FINAL.a(PWM_ServoT.o)
                0x1fff81b1                PWM_ServoT_initVar
 .bss           0x1fff81b2        0x2 .\CortexM3\ARM_GCC_541\Debug\FINAL.a(UART.o)
                0x1fff81b2                UART_initVar
 .bss.__malloc_sbrk_start
                0x1fff81b4        0x4 d:/cypress/psoc creator/4.2/psoc creator/import/gnu/arm/5.4.1/bin/../lib/gcc/arm-none-eabi/5.4.1/../../../../arm-none-eabi/lib/armv7-m\libg_nano.a(lib_a-nano-mallocr.o)
                0x1fff81b4                __malloc_sbrk_start
 .bss.__malloc_free_list
                0x1fff81b8        0x4 d:/cypress/psoc creator/4.2/psoc creator/import/gnu/arm/5.4.1/bin/../lib/gcc/arm-none-eabi/5.4.1/../../../../arm-none-eabi/lib/armv7-m\libg_nano.a(lib_a-nano-mallocr.o)
                0x1fff81b8                __malloc_free_list
 *(COMMON)
 COMMON         0x1fff81bc        0x8 .\CortexM3\ARM_GCC_541\Debug\main.o
                0x1fff81bc                byte
                0x1fff81c0                interval
 COMMON         0x1fff81c4        0x1 .\CortexM3\ARM_GCC_541\Debug\FINAL.a(I2C.o)
                0x1fff81c4                I2C_state
 *fill*         0x1fff81c5        0x3 
 COMMON         0x1fff81c8       0x10 .\CortexM3\ARM_GCC_541\Debug\FINAL.a(I2C_MASTER.o)
                0x1fff81c8                I2C_mstrWrBufIndex
                0x1fff81c9                I2C_mstrWrBufSize
                0x1fff81ca                I2C_mstrStatus
                0x1fff81cc                I2C_mstrRdBufPtr
                0x1fff81d0                I2C_mstrControl
                0x1fff81d1                I2C_mstrRdBufSize
                0x1fff81d2                I2C_mstrRdBufIndex
                0x1fff81d4                I2C_mstrWrBufPtr
 COMMON         0x1fff81d8        0x4 .\CortexM3\ARM_GCC_541\Debug\FINAL.a(ADC_DelSig.o)
                0x1fff81d8                ADC_DelSig_CountsPerVolt
 COMMON         0x1fff81dc        0x4 d:/cypress/psoc creator/4.2/psoc creator/import/gnu/arm/5.4.1/bin/../lib/gcc/arm-none-eabi/5.4.1/../../../../arm-none-eabi/lib/armv7-m\libg_nano.a(lib_a-reent.o)
                0x1fff81dc                errno
                0x1fff81e0                . = ALIGN (0x8)
 *(.ram.b)
                0x1fff81e0                _end = .
                0x1fff81e0                __end = .
                0x1fff81e0                PROVIDE (end, .)
                0x1fff81e0                PROVIDE (__bss_end__, .)
                0x00006bc8                __cy_region_init_ram = LOADADDR (.data)
                0x000000b8                __cy_region_init_size_ram = (_edata - ADDR (.data))
                0x00000060                __cy_region_zero_size_ram = (_end - _edata)

.heap           0x1fff81e0      0x200 load address 0x00006c80
                0x1fff81e0                . = _end
                0x1fff83e0                . = (. + 0x200)
 *fill*         0x1fff81e0      0x200 
                0x1fff83e0                __cy_heap_limit = .

.stack          0x20007800      0x800
                0x20007800                __cy_stack_limit = .
                0x20008000                . = (. + 0x800)
 *fill*         0x20007800      0x800 
                0x00000001                ASSERT ((__cy_stack_limit >= __cy_heap_limit), region RAM overflowed with stack)
                0x00000000                cy_checksum_exclude_size = (CY_APPL_LOADABLE == 0x1)?SIZEOF (.cy_checksum_exclude):0x0
                0x00000001                ASSERT ((cy_checksum_exclude_size <= CY_CHECKSUM_EXCLUDE_SIZE), CY_BOOT: Section .cy_checksum_exclude size exceedes specified limit.)

.cyloadermeta
 *(.cyloadermeta)

.cyloadablemeta
 *(.cyloadablemeta)

.cyconfigecc    0x80000000      0x9a0
 *(.cyconfigecc)
 .cyconfigecc   0x80000000      0x9a0 .\CortexM3\ARM_GCC_541\Debug\cymetadata.o
                0x80000000                cy_meta_configecc

.cycustnvl      0x90000000        0x4
 *(.cycustnvl)
 .cycustnvl     0x90000000        0x4 .\CortexM3\ARM_GCC_541\Debug\cymetadata.o
                0x90000000                cy_meta_custnvl

.cywolatch      0x90100000        0x4
 *(.cywolatch)
 .cywolatch     0x90100000        0x4 .\CortexM3\ARM_GCC_541\Debug\cymetadata.o
                0x90100000                cy_meta_wonvl

.cyeeprom       0x90200000        0x0
 *(.cyeeprom)
                0x00000001                ASSERT ((. <= ((0x90200000 + ee_offset) + ee_size)), .cyeeprom data will not fit in EEPROM)

.cyflashprotect
                0x90400000      0x100
 *(.cyflashprotect)
 .cyflashprotect
                0x90400000      0x100 .\CortexM3\ARM_GCC_541\Debug\cymetadata.o
                0x90400000                cy_meta_flashprotect

.cymeta         0x90500000        0xc
 *(.cymeta)
 .cymeta        0x90500000        0xc .\CortexM3\ARM_GCC_541\Debug\cymetadata.o
                0x90500000                cy_metadata

.rel.dyn        0x00006c80        0x0 load address 0x9050000c
 .rel.iplt      0x00006c80        0x0 d:/cypress/psoc creator/4.2/psoc creator/import/gnu/arm/5.4.1/bin/../lib/gcc/arm-none-eabi/5.4.1/armv7-m/crtbegin.o

.stab
 *(.stab)

.stabstr
 *(.stabstr)

.debug
 *(.debug)

.line
 *(.line)

.debug_srcinfo
 *(.debug_srcinfo)

.debug_sfnames
 *(.debug_sfnames)

.debug_aranges  0x00000000     0x10d8
 *(.debug_aranges)
 .debug_aranges
                0x00000000      0x100 .\CortexM3\ARM_GCC_541\Debug\main.o
 .debug_aranges
                0x00000100       0x78 .\CortexM3\ARM_GCC_541\Debug\cyfitter_cfg.o
 .debug_aranges
                0x00000178       0x18 .\CortexM3\ARM_GCC_541\Debug\cymetadata.o
 .debug_aranges
                0x00000190       0x48 .\CortexM3\ARM_GCC_541\Debug\Cm3Start.o
 .debug_aranges
                0x000001d8       0xa8 .\CortexM3\ARM_GCC_541\Debug\FINAL.a(TimerCountWidth.o)
 .debug_aranges
                0x00000280       0x80 .\CortexM3\ARM_GCC_541\Debug\FINAL.a(isrPulseWidthFallingEdge.o)
 .debug_aranges
                0x00000300       0x38 .\CortexM3\ARM_GCC_541\Debug\FINAL.a(SR04Trig.o)
 .debug_aranges
                0x00000338       0x38 .\CortexM3\ARM_GCC_541\Debug\FINAL.a(I2C.o)
 .debug_aranges
                0x00000370       0x20 .\CortexM3\ARM_GCC_541\Debug\FINAL.a(I2C_INT.o)
 .debug_aranges
                0x00000390       0x38 .\CortexM3\ARM_GCC_541\Debug\FINAL.a(I2C_PM.o)
 .debug_aranges
                0x000003c8       0x80 .\CortexM3\ARM_GCC_541\Debug\FINAL.a(I2C_MASTER.o)
 .debug_aranges
                0x00000448      0x2a0 .\CortexM3\ARM_GCC_541\Debug\FINAL.a(CyLib.o)
 .debug_aranges
                0x000006e8       0x98 .\CortexM3\ARM_GCC_541\Debug\FINAL.a(cyPm.o)
 .debug_aranges
                0x00000780       0x98 .\CortexM3\ARM_GCC_541\Debug\FINAL.a(PWM.o)
 .debug_aranges
                0x00000818       0x30 .\CortexM3\ARM_GCC_541\Debug\FINAL.a(AMux.o)
 .debug_aranges
                0x00000848       0xe8 .\CortexM3\ARM_GCC_541\Debug\FINAL.a(ADC_DelSig.o)
 .debug_aranges
                0x00000930       0x38 .\CortexM3\ARM_GCC_541\Debug\FINAL.a(ADC_DelSig_INT.o)
 .debug_aranges
                0x00000968       0x30 .\CortexM3\ARM_GCC_541\Debug\FINAL.a(ADC_DelSig_AMux.o)
 .debug_aranges
                0x00000998       0x70 .\CortexM3\ARM_GCC_541\Debug\FINAL.a(ADC_DelSig_Ext_CP_Clk.o)
 .debug_aranges
                0x00000a08       0x80 .\CortexM3\ARM_GCC_541\Debug\FINAL.a(ADC_DelSig_theACLK.o)
 .debug_aranges
                0x00000a88       0x98 .\CortexM3\ARM_GCC_541\Debug\FINAL.a(PWM_ServoP.o)
 .debug_aranges
                0x00000b20       0x70 .\CortexM3\ARM_GCC_541\Debug\FINAL.a(Clock_3.o)
 .debug_aranges
                0x00000b90       0x98 .\CortexM3\ARM_GCC_541\Debug\FINAL.a(PWM_ServoT.o)
 .debug_aranges
                0x00000c28       0x70 .\CortexM3\ARM_GCC_541\Debug\FINAL.a(Clock_4.o)
 .debug_aranges
                0x00000c98       0xf0 .\CortexM3\ARM_GCC_541\Debug\FINAL.a(UART.o)
 .debug_aranges
                0x00000d88       0x80 .\CortexM3\ARM_GCC_541\Debug\FINAL.a(ISR_ByteReceived.o)
 .debug_aranges
                0x00000e08       0x70 .\CortexM3\ARM_GCC_541\Debug\FINAL.a(UART_IntClock.o)
 .debug_aranges
                0x00000e78       0x38 .\CortexM3\ARM_GCC_541\Debug\FINAL.a(ErrorLed.o)
 .debug_aranges
                0x00000eb0       0x80 .\CortexM3\ARM_GCC_541\Debug\FINAL.a(OneSec.o)
 .debug_aranges
                0x00000f30       0x80 .\CortexM3\ARM_GCC_541\Debug\FINAL.a(CheckPot.o)
 .debug_aranges
                0x00000fb0       0x20 .\CortexM3\ARM_GCC_541\Debug\FINAL.a(CyBootAsmGnu.o)
 .debug_aranges
                0x00000fd0       0x88 .\CortexM3\ARM_GCC_541\Debug\FINAL.a(CyFlash.o)
 .debug_aranges
                0x00001058       0x80 .\CortexM3\ARM_GCC_541\Debug\FINAL.a(CySpc.o)

.debug_pubnames
 *(.debug_pubnames)

.debug_info     0x00000000     0x8f6e
 *(.debug_info .gnu.linkonce.wi.*)
 .debug_info    0x00000000     0x1363 .\CortexM3\ARM_GCC_541\Debug\main.o
 .debug_info    0x00001363      0x75e .\CortexM3\ARM_GCC_541\Debug\cyfitter_cfg.o
 .debug_info    0x00001ac1      0x139 .\CortexM3\ARM_GCC_541\Debug\cymetadata.o
 .debug_info    0x00001bfa      0x3bb .\CortexM3\ARM_GCC_541\Debug\Cm3Start.o
 .debug_info    0x00001fb5      0x355 .\CortexM3\ARM_GCC_541\Debug\FINAL.a(TimerCountWidth.o)
 .debug_info    0x0000230a      0x2d2 .\CortexM3\ARM_GCC_541\Debug\FINAL.a(isrPulseWidthFallingEdge.o)
 .debug_info    0x000025dc      0x11f .\CortexM3\ARM_GCC_541\Debug\FINAL.a(SR04Trig.o)
 .debug_info    0x000026fb      0x2ad .\CortexM3\ARM_GCC_541\Debug\FINAL.a(I2C.o)
 .debug_info    0x000029a8      0x184 .\CortexM3\ARM_GCC_541\Debug\FINAL.a(I2C_INT.o)
 .debug_info    0x00002b2c      0x207 .\CortexM3\ARM_GCC_541\Debug\FINAL.a(I2C_PM.o)
 .debug_info    0x00002d33      0x407 .\CortexM3\ARM_GCC_541\Debug\FINAL.a(I2C_MASTER.o)
 .debug_info    0x0000313a     0x1374 .\CortexM3\ARM_GCC_541\Debug\FINAL.a(CyLib.o)
 .debug_info    0x000044ae      0xa2a .\CortexM3\ARM_GCC_541\Debug\FINAL.a(cyPm.o)
 .debug_info    0x00004ed8      0x354 .\CortexM3\ARM_GCC_541\Debug\FINAL.a(PWM.o)
 .debug_info    0x0000522c      0x165 .\CortexM3\ARM_GCC_541\Debug\FINAL.a(AMux.o)
 .debug_info    0x00005391      0xa1e .\CortexM3\ARM_GCC_541\Debug\FINAL.a(ADC_DelSig.o)
 .debug_info    0x00005daf       0xd3 .\CortexM3\ARM_GCC_541\Debug\FINAL.a(ADC_DelSig_INT.o)
 .debug_info    0x00005e82      0x165 .\CortexM3\ARM_GCC_541\Debug\FINAL.a(ADC_DelSig_AMux.o)
 .debug_info    0x00005fe7      0x283 .\CortexM3\ARM_GCC_541\Debug\FINAL.a(ADC_DelSig_Ext_CP_Clk.o)
 .debug_info    0x0000626a      0x2c4 .\CortexM3\ARM_GCC_541\Debug\FINAL.a(ADC_DelSig_theACLK.o)
 .debug_info    0x0000652e      0x354 .\CortexM3\ARM_GCC_541\Debug\FINAL.a(PWM_ServoP.o)
 .debug_info    0x00006882      0x283 .\CortexM3\ARM_GCC_541\Debug\FINAL.a(Clock_3.o)
 .debug_info    0x00006b05      0x354 .\CortexM3\ARM_GCC_541\Debug\FINAL.a(PWM_ServoT.o)
 .debug_info    0x00006e59      0x283 .\CortexM3\ARM_GCC_541\Debug\FINAL.a(Clock_4.o)
 .debug_info    0x000070dc      0x60c .\CortexM3\ARM_GCC_541\Debug\FINAL.a(UART.o)
 .debug_info    0x000076e8      0x2d2 .\CortexM3\ARM_GCC_541\Debug\FINAL.a(ISR_ByteReceived.o)
 .debug_info    0x000079ba      0x283 .\CortexM3\ARM_GCC_541\Debug\FINAL.a(UART_IntClock.o)
 .debug_info    0x00007c3d      0x11f .\CortexM3\ARM_GCC_541\Debug\FINAL.a(ErrorLed.o)
 .debug_info    0x00007d5c      0x2d2 .\CortexM3\ARM_GCC_541\Debug\FINAL.a(OneSec.o)
 .debug_info    0x0000802e      0x2d2 .\CortexM3\ARM_GCC_541\Debug\FINAL.a(CheckPot.o)
 .debug_info    0x00008300       0xd1 .\CortexM3\ARM_GCC_541\Debug\FINAL.a(CyBootAsmGnu.o)
 .debug_info    0x000083d1      0x64d .\CortexM3\ARM_GCC_541\Debug\FINAL.a(CyFlash.o)
 .debug_info    0x00008a1e      0x550 .\CortexM3\ARM_GCC_541\Debug\FINAL.a(CySpc.o)

.debug_abbrev   0x00000000     0x28cf
 *(.debug_abbrev)
 .debug_abbrev  0x00000000      0x251 .\CortexM3\ARM_GCC_541\Debug\main.o
 .debug_abbrev  0x00000251      0x22d .\CortexM3\ARM_GCC_541\Debug\cyfitter_cfg.o
 .debug_abbrev  0x0000047e       0x77 .\CortexM3\ARM_GCC_541\Debug\cymetadata.o
 .debug_abbrev  0x000004f5      0x1e8 .\CortexM3\ARM_GCC_541\Debug\Cm3Start.o
 .debug_abbrev  0x000006dd      0x13a .\CortexM3\ARM_GCC_541\Debug\FINAL.a(TimerCountWidth.o)
 .debug_abbrev  0x00000817      0x173 .\CortexM3\ARM_GCC_541\Debug\FINAL.a(isrPulseWidthFallingEdge.o)
 .debug_abbrev  0x0000098a       0x90 .\CortexM3\ARM_GCC_541\Debug\FINAL.a(SR04Trig.o)
 .debug_abbrev  0x00000a1a      0x10a .\CortexM3\ARM_GCC_541\Debug\FINAL.a(I2C.o)
 .debug_abbrev  0x00000b24       0xb6 .\CortexM3\ARM_GCC_541\Debug\FINAL.a(I2C_INT.o)
 .debug_abbrev  0x00000bda       0xfe .\CortexM3\ARM_GCC_541\Debug\FINAL.a(I2C_PM.o)
 .debug_abbrev  0x00000cd8      0x13c .\CortexM3\ARM_GCC_541\Debug\FINAL.a(I2C_MASTER.o)
 .debug_abbrev  0x00000e14      0x254 .\CortexM3\ARM_GCC_541\Debug\FINAL.a(CyLib.o)
 .debug_abbrev  0x00001068      0x1ab .\CortexM3\ARM_GCC_541\Debug\FINAL.a(cyPm.o)
 .debug_abbrev  0x00001213      0x133 .\CortexM3\ARM_GCC_541\Debug\FINAL.a(PWM.o)
 .debug_abbrev  0x00001346       0xb1 .\CortexM3\ARM_GCC_541\Debug\FINAL.a(AMux.o)
 .debug_abbrev  0x000013f7      0x1cd .\CortexM3\ARM_GCC_541\Debug\FINAL.a(ADC_DelSig.o)
 .debug_abbrev  0x000015c4       0x42 .\CortexM3\ARM_GCC_541\Debug\FINAL.a(ADC_DelSig_INT.o)
 .debug_abbrev  0x00001606       0xb1 .\CortexM3\ARM_GCC_541\Debug\FINAL.a(ADC_DelSig_AMux.o)
 .debug_abbrev  0x000016b7      0x139 .\CortexM3\ARM_GCC_541\Debug\FINAL.a(ADC_DelSig_Ext_CP_Clk.o)
 .debug_abbrev  0x000017f0      0x121 .\CortexM3\ARM_GCC_541\Debug\FINAL.a(ADC_DelSig_theACLK.o)
 .debug_abbrev  0x00001911      0x133 .\CortexM3\ARM_GCC_541\Debug\FINAL.a(PWM_ServoP.o)
 .debug_abbrev  0x00001a44      0x139 .\CortexM3\ARM_GCC_541\Debug\FINAL.a(Clock_3.o)
 .debug_abbrev  0x00001b7d      0x133 .\CortexM3\ARM_GCC_541\Debug\FINAL.a(PWM_ServoT.o)
 .debug_abbrev  0x00001cb0      0x139 .\CortexM3\ARM_GCC_541\Debug\FINAL.a(Clock_4.o)
 .debug_abbrev  0x00001de9      0x175 .\CortexM3\ARM_GCC_541\Debug\FINAL.a(UART.o)
 .debug_abbrev  0x00001f5e      0x173 .\CortexM3\ARM_GCC_541\Debug\FINAL.a(ISR_ByteReceived.o)
 .debug_abbrev  0x000020d1      0x139 .\CortexM3\ARM_GCC_541\Debug\FINAL.a(UART_IntClock.o)
 .debug_abbrev  0x0000220a       0x90 .\CortexM3\ARM_GCC_541\Debug\FINAL.a(ErrorLed.o)
 .debug_abbrev  0x0000229a      0x173 .\CortexM3\ARM_GCC_541\Debug\FINAL.a(OneSec.o)
 .debug_abbrev  0x0000240d      0x173 .\CortexM3\ARM_GCC_541\Debug\FINAL.a(CheckPot.o)
 .debug_abbrev  0x00002580       0x14 .\CortexM3\ARM_GCC_541\Debug\FINAL.a(CyBootAsmGnu.o)
 .debug_abbrev  0x00002594      0x1a7 .\CortexM3\ARM_GCC_541\Debug\FINAL.a(CyFlash.o)
 .debug_abbrev  0x0000273b      0x194 .\CortexM3\ARM_GCC_541\Debug\FINAL.a(CySpc.o)

.debug_line     0x00000000     0x3d65
 *(.debug_line)
 .debug_line    0x00000000      0x6e1 .\CortexM3\ARM_GCC_541\Debug\main.o
 .debug_line    0x000006e1      0x246 .\CortexM3\ARM_GCC_541\Debug\cyfitter_cfg.o
 .debug_line    0x00000927      0x119 .\CortexM3\ARM_GCC_541\Debug\cymetadata.o
 .debug_line    0x00000a40      0x20c .\CortexM3\ARM_GCC_541\Debug\Cm3Start.o
 .debug_line    0x00000c4c      0x1af .\CortexM3\ARM_GCC_541\Debug\FINAL.a(TimerCountWidth.o)
 .debug_line    0x00000dfb      0x145 .\CortexM3\ARM_GCC_541\Debug\FINAL.a(isrPulseWidthFallingEdge.o)
 .debug_line    0x00000f40       0x95 .\CortexM3\ARM_GCC_541\Debug\FINAL.a(SR04Trig.o)
 .debug_line    0x00000fd5       0xd9 .\CortexM3\ARM_GCC_541\Debug\FINAL.a(I2C.o)
 .debug_line    0x000010ae      0x114 .\CortexM3\ARM_GCC_541\Debug\FINAL.a(I2C_INT.o)
 .debug_line    0x000011c2       0xbb .\CortexM3\ARM_GCC_541\Debug\FINAL.a(I2C_PM.o)
 .debug_line    0x0000127d      0x1fd .\CortexM3\ARM_GCC_541\Debug\FINAL.a(I2C_MASTER.o)
 .debug_line    0x0000147a      0x816 .\CortexM3\ARM_GCC_541\Debug\FINAL.a(CyLib.o)
 .debug_line    0x00001c90      0x367 .\CortexM3\ARM_GCC_541\Debug\FINAL.a(cyPm.o)
 .debug_line    0x00001ff7      0x186 .\CortexM3\ARM_GCC_541\Debug\FINAL.a(PWM.o)
 .debug_line    0x0000217d       0xa8 .\CortexM3\ARM_GCC_541\Debug\FINAL.a(AMux.o)
 .debug_line    0x00002225      0x386 .\CortexM3\ARM_GCC_541\Debug\FINAL.a(ADC_DelSig.o)
 .debug_line    0x000025ab       0x87 .\CortexM3\ARM_GCC_541\Debug\FINAL.a(ADC_DelSig_INT.o)
 .debug_line    0x00002632       0xb3 .\CortexM3\ARM_GCC_541\Debug\FINAL.a(ADC_DelSig_AMux.o)
 .debug_line    0x000026e5      0x184 .\CortexM3\ARM_GCC_541\Debug\FINAL.a(ADC_DelSig_Ext_CP_Clk.o)
 .debug_line    0x00002869      0x1a4 .\CortexM3\ARM_GCC_541\Debug\FINAL.a(ADC_DelSig_theACLK.o)
 .debug_line    0x00002a0d      0x18d .\CortexM3\ARM_GCC_541\Debug\FINAL.a(PWM_ServoP.o)
 .debug_line    0x00002b9a      0x176 .\CortexM3\ARM_GCC_541\Debug\FINAL.a(Clock_3.o)
 .debug_line    0x00002d10      0x18d .\CortexM3\ARM_GCC_541\Debug\FINAL.a(PWM_ServoT.o)
 .debug_line    0x00002e9d      0x176 .\CortexM3\ARM_GCC_541\Debug\FINAL.a(Clock_4.o)
 .debug_line    0x00003013      0x2bc .\CortexM3\ARM_GCC_541\Debug\FINAL.a(UART.o)
 .debug_line    0x000032cf      0x13d .\CortexM3\ARM_GCC_541\Debug\FINAL.a(ISR_ByteReceived.o)
 .debug_line    0x0000340c      0x17c .\CortexM3\ARM_GCC_541\Debug\FINAL.a(UART_IntClock.o)
 .debug_line    0x00003588       0x95 .\CortexM3\ARM_GCC_541\Debug\FINAL.a(ErrorLed.o)
 .debug_line    0x0000361d      0x133 .\CortexM3\ARM_GCC_541\Debug\FINAL.a(OneSec.o)
 .debug_line    0x00003750      0x135 .\CortexM3\ARM_GCC_541\Debug\FINAL.a(CheckPot.o)
 .debug_line    0x00003885       0x66 .\CortexM3\ARM_GCC_541\Debug\FINAL.a(CyBootAsmGnu.o)
 .debug_line    0x000038eb      0x21a .\CortexM3\ARM_GCC_541\Debug\FINAL.a(CyFlash.o)
 .debug_line    0x00003b05      0x260 .\CortexM3\ARM_GCC_541\Debug\FINAL.a(CySpc.o)

.debug_frame    0x00000000     0x32bc
 *(.debug_frame)
 .debug_frame   0x00000000      0x354 .\CortexM3\ARM_GCC_541\Debug\main.o
 .debug_frame   0x00000354      0x13c .\CortexM3\ARM_GCC_541\Debug\cyfitter_cfg.o
 .debug_frame   0x00000490       0xb8 .\CortexM3\ARM_GCC_541\Debug\Cm3Start.o
 .debug_frame   0x00000548      0x154 .\CortexM3\ARM_GCC_541\Debug\FINAL.a(TimerCountWidth.o)
 .debug_frame   0x0000069c      0x104 .\CortexM3\ARM_GCC_541\Debug\FINAL.a(isrPulseWidthFallingEdge.o)
 .debug_frame   0x000007a0       0x50 .\CortexM3\ARM_GCC_541\Debug\FINAL.a(SR04Trig.o)
 .debug_frame   0x000007f0       0x94 .\CortexM3\ARM_GCC_541\Debug\FINAL.a(I2C.o)
 .debug_frame   0x00000884       0x30 .\CortexM3\ARM_GCC_541\Debug\FINAL.a(I2C_INT.o)
 .debug_frame   0x000008b4       0x74 .\CortexM3\ARM_GCC_541\Debug\FINAL.a(I2C_PM.o)
 .debug_frame   0x00000928      0x138 .\CortexM3\ARM_GCC_541\Debug\FINAL.a(I2C_MASTER.o)
 .debug_frame   0x00000a60      0x738 .\CortexM3\ARM_GCC_541\Debug\FINAL.a(CyLib.o)
 .debug_frame   0x00001198      0x1f8 .\CortexM3\ARM_GCC_541\Debug\FINAL.a(cyPm.o)
 .debug_frame   0x00001390      0x134 .\CortexM3\ARM_GCC_541\Debug\FINAL.a(PWM.o)
 .debug_frame   0x000014c4       0x64 .\CortexM3\ARM_GCC_541\Debug\FINAL.a(AMux.o)
 .debug_frame   0x00001528      0x28c .\CortexM3\ARM_GCC_541\Debug\FINAL.a(ADC_DelSig.o)
 .debug_frame   0x000017b4       0x50 .\CortexM3\ARM_GCC_541\Debug\FINAL.a(ADC_DelSig_INT.o)
 .debug_frame   0x00001804       0x64 .\CortexM3\ARM_GCC_541\Debug\FINAL.a(ADC_DelSig_AMux.o)
 .debug_frame   0x00001868       0xe0 .\CortexM3\ARM_GCC_541\Debug\FINAL.a(ADC_DelSig_Ext_CP_Clk.o)
 .debug_frame   0x00001948      0x100 .\CortexM3\ARM_GCC_541\Debug\FINAL.a(ADC_DelSig_theACLK.o)
 .debug_frame   0x00001a48      0x134 .\CortexM3\ARM_GCC_541\Debug\FINAL.a(PWM_ServoP.o)
 .debug_frame   0x00001b7c       0xe0 .\CortexM3\ARM_GCC_541\Debug\FINAL.a(Clock_3.o)
 .debug_frame   0x00001c5c      0x134 .\CortexM3\ARM_GCC_541\Debug\FINAL.a(PWM_ServoT.o)
 .debug_frame   0x00001d90       0xe0 .\CortexM3\ARM_GCC_541\Debug\FINAL.a(Clock_4.o)
 .debug_frame   0x00001e70      0x250 .\CortexM3\ARM_GCC_541\Debug\FINAL.a(UART.o)
 .debug_frame   0x000020c0      0x104 .\CortexM3\ARM_GCC_541\Debug\FINAL.a(ISR_ByteReceived.o)
 .debug_frame   0x000021c4       0xe0 .\CortexM3\ARM_GCC_541\Debug\FINAL.a(UART_IntClock.o)
 .debug_frame   0x000022a4       0x50 .\CortexM3\ARM_GCC_541\Debug\FINAL.a(ErrorLed.o)
 .debug_frame   0x000022f4      0x104 .\CortexM3\ARM_GCC_541\Debug\FINAL.a(OneSec.o)
 .debug_frame   0x000023f8      0x104 .\CortexM3\ARM_GCC_541\Debug\FINAL.a(CheckPot.o)
 .debug_frame   0x000024fc      0x194 .\CortexM3\ARM_GCC_541\Debug\FINAL.a(CyFlash.o)
 .debug_frame   0x00002690      0x180 .\CortexM3\ARM_GCC_541\Debug\FINAL.a(CySpc.o)
 .debug_frame   0x00002810       0x44 d:/cypress/psoc creator/4.2/psoc creator/import/gnu/arm/5.4.1/bin/../lib/gcc/arm-none-eabi/5.4.1/../../../../arm-none-eabi/lib/armv7-m\libm.a(lib_a-w_exp.o)
 .debug_frame   0x00002854       0x4c d:/cypress/psoc creator/4.2/psoc creator/import/gnu/arm/5.4.1/bin/../lib/gcc/arm-none-eabi/5.4.1/../../../../arm-none-eabi/lib/armv7-m\libm.a(lib_a-w_pow.o)
 .debug_frame   0x000028a0       0x54 d:/cypress/psoc creator/4.2/psoc creator/import/gnu/arm/5.4.1/bin/../lib/gcc/arm-none-eabi/5.4.1/../../../../arm-none-eabi/lib/armv7-m\libm.a(lib_a-e_exp.o)
 .debug_frame   0x000028f4       0x68 d:/cypress/psoc creator/4.2/psoc creator/import/gnu/arm/5.4.1/bin/../lib/gcc/arm-none-eabi/5.4.1/../../../../arm-none-eabi/lib/armv7-m\libm.a(lib_a-e_pow.o)
 .debug_frame   0x0000295c       0x30 d:/cypress/psoc creator/4.2/psoc creator/import/gnu/arm/5.4.1/bin/../lib/gcc/arm-none-eabi/5.4.1/../../../../arm-none-eabi/lib/armv7-m\libm.a(lib_a-e_sqrt.o)
 .debug_frame   0x0000298c       0x20 d:/cypress/psoc creator/4.2/psoc creator/import/gnu/arm/5.4.1/bin/../lib/gcc/arm-none-eabi/5.4.1/../../../../arm-none-eabi/lib/armv7-m\libm.a(lib_a-s_fabs.o)
 .debug_frame   0x000029ac       0x20 d:/cypress/psoc creator/4.2/psoc creator/import/gnu/arm/5.4.1/bin/../lib/gcc/arm-none-eabi/5.4.1/../../../../arm-none-eabi/lib/armv7-m\libm.a(lib_a-s_finite.o)
 .debug_frame   0x000029cc       0x20 d:/cypress/psoc creator/4.2/psoc creator/import/gnu/arm/5.4.1/bin/../lib/gcc/arm-none-eabi/5.4.1/../../../../arm-none-eabi/lib/armv7-m\libm.a(lib_a-s_matherr.o)
 .debug_frame   0x000029ec       0x20 d:/cypress/psoc creator/4.2/psoc creator/import/gnu/arm/5.4.1/bin/../lib/gcc/arm-none-eabi/5.4.1/../../../../arm-none-eabi/lib/armv7-m\libm.a(lib_a-s_nan.o)
 .debug_frame   0x00002a0c       0x3c d:/cypress/psoc creator/4.2/psoc creator/import/gnu/arm/5.4.1/bin/../lib/gcc/arm-none-eabi/5.4.1/../../../../arm-none-eabi/lib/armv7-m\libm.a(lib_a-s_rint.o)
 .debug_frame   0x00002a48       0x30 d:/cypress/psoc creator/4.2/psoc creator/import/gnu/arm/5.4.1/bin/../lib/gcc/arm-none-eabi/5.4.1/../../../../arm-none-eabi/lib/armv7-m\libm.a(lib_a-s_scalbn.o)
 .debug_frame   0x00002a78       0x20 d:/cypress/psoc creator/4.2/psoc creator/import/gnu/arm/5.4.1/bin/../lib/gcc/arm-none-eabi/5.4.1/../../../../arm-none-eabi/lib/armv7-m\libm.a(lib_a-s_copysign.o)
 .debug_frame   0x00002a98       0x20 d:/cypress/psoc creator/4.2/psoc creator/import/gnu/arm/5.4.1/bin/../lib/gcc/arm-none-eabi/5.4.1/../../../../arm-none-eabi/lib/armv7-m\libg_nano.a(lib_a-errno.o)
 .debug_frame   0x00002ab8       0x28 d:/cypress/psoc creator/4.2/psoc creator/import/gnu/arm/5.4.1/bin/../lib/gcc/arm-none-eabi/5.4.1/../../../../arm-none-eabi/lib/armv7-m\libg_nano.a(lib_a-exit.o)
 .debug_frame   0x00002ae0       0x2c d:/cypress/psoc creator/4.2/psoc creator/import/gnu/arm/5.4.1/bin/../lib/gcc/arm-none-eabi/5.4.1/../../../../arm-none-eabi/lib/armv7-m\libg_nano.a(lib_a-init.o)
 .debug_frame   0x00002b0c       0x28 d:/cypress/psoc creator/4.2/psoc creator/import/gnu/arm/5.4.1/bin/../lib/gcc/arm-none-eabi/5.4.1/../../../../arm-none-eabi/lib/armv7-m\libg_nano.a(lib_a-memcpy-stub.o)
 .debug_frame   0x00002b34       0x20 d:/cypress/psoc creator/4.2/psoc creator/import/gnu/arm/5.4.1/bin/../lib/gcc/arm-none-eabi/5.4.1/../../../../arm-none-eabi/lib/armv7-m\libg_nano.a(lib_a-memset.o)
 .debug_frame   0x00002b54       0x8c d:/cypress/psoc creator/4.2/psoc creator/import/gnu/arm/5.4.1/bin/../lib/gcc/arm-none-eabi/5.4.1/../../../../arm-none-eabi/lib/armv7-m\libg_nano.a(lib_a-nano-vfprintf_float.o)
 .debug_frame   0x00002be0       0x60 d:/cypress/psoc creator/4.2/psoc creator/import/gnu/arm/5.4.1/bin/../lib/gcc/arm-none-eabi/5.4.1/../../../../arm-none-eabi/lib/armv7-m\libg_nano.a(lib_a-nano-vfprintf_i.o)
 .debug_frame   0x00002c40       0x70 d:/cypress/psoc creator/4.2/psoc creator/import/gnu/arm/5.4.1/bin/../lib/gcc/arm-none-eabi/5.4.1/../../../../arm-none-eabi/lib/armv7-m\libg_nano.a(lib_a-sprintf.o)
 .debug_frame   0x00002cb0       0x6c d:/cypress/psoc creator/4.2/psoc creator/import/gnu/arm/5.4.1/bin/../lib/gcc/arm-none-eabi/5.4.1/../../../../arm-none-eabi/lib/armv7-m\libg_nano.a(lib_a-dtoa.o)
 .debug_frame   0x00002d1c       0x98 d:/cypress/psoc creator/4.2/psoc creator/import/gnu/arm/5.4.1/bin/../lib/gcc/arm-none-eabi/5.4.1/../../../../arm-none-eabi/lib/armv7-m\libg_nano.a(lib_a-locale.o)
 .debug_frame   0x00002db4       0x30 d:/cypress/psoc creator/4.2/psoc creator/import/gnu/arm/5.4.1/bin/../lib/gcc/arm-none-eabi/5.4.1/../../../../arm-none-eabi/lib/armv7-m\libg_nano.a(lib_a-malloc.o)
 .debug_frame   0x00002de4       0x28 d:/cypress/psoc creator/4.2/psoc creator/import/gnu/arm/5.4.1/bin/../lib/gcc/arm-none-eabi/5.4.1/../../../../arm-none-eabi/lib/armv7-m\libg_nano.a(lib_a-memchr-stub.o)
 .debug_frame   0x00002e0c      0x234 d:/cypress/psoc creator/4.2/psoc creator/import/gnu/arm/5.4.1/bin/../lib/gcc/arm-none-eabi/5.4.1/../../../../arm-none-eabi/lib/armv7-m\libg_nano.a(lib_a-mprec.o)
 .debug_frame   0x00003040       0x2c d:/cypress/psoc creator/4.2/psoc creator/import/gnu/arm/5.4.1/bin/../lib/gcc/arm-none-eabi/5.4.1/../../../../arm-none-eabi/lib/armv7-m\libg_nano.a(lib_a-nano-callocr.o)
 .debug_frame   0x0000306c       0x38 d:/cypress/psoc creator/4.2/psoc creator/import/gnu/arm/5.4.1/bin/../lib/gcc/arm-none-eabi/5.4.1/../../../../arm-none-eabi/lib/armv7-m\libg_nano.a(lib_a-nano-freer.o)
 .debug_frame   0x000030a4       0x2c d:/cypress/psoc creator/4.2/psoc creator/import/gnu/arm/5.4.1/bin/../lib/gcc/arm-none-eabi/5.4.1/../../../../arm-none-eabi/lib/armv7-m\libg_nano.a(lib_a-nano-mallocr.o)
 .debug_frame   0x000030d0       0x90 d:/cypress/psoc creator/4.2/psoc creator/import/gnu/arm/5.4.1/bin/../lib/gcc/arm-none-eabi/5.4.1/../../../../arm-none-eabi/lib/armv7-m\libg_nano.a(lib_a-nano-svfprintf.o)
 .debug_frame   0x00003160       0x2c d:/cypress/psoc creator/4.2/psoc creator/import/gnu/arm/5.4.1/bin/../lib/gcc/arm-none-eabi/5.4.1/../../../../arm-none-eabi/lib/armv7-m\libg_nano.a(lib_a-sbrkr.o)
 .debug_frame   0x0000318c       0x20 d:/cypress/psoc creator/4.2/psoc creator/import/gnu/arm/5.4.1/bin/../lib/gcc/arm-none-eabi/5.4.1/../../../../arm-none-eabi/lib/armv7-m\libg_nano.a(lib_a-strcmp.o)
 .debug_frame   0x000031ac       0x28 d:/cypress/psoc creator/4.2/psoc creator/import/gnu/arm/5.4.1/bin/../lib/gcc/arm-none-eabi/5.4.1/../../../../arm-none-eabi/lib/armv7-m\libg_nano.a(lib_a-memmove.o)
 .debug_frame   0x000031d4       0x30 d:/cypress/psoc creator/4.2/psoc creator/import/gnu/arm/5.4.1/bin/../lib/gcc/arm-none-eabi/5.4.1/../../../../arm-none-eabi/lib/armv7-m\libg_nano.a(lib_a-mlock.o)
 .debug_frame   0x00003204       0x3c d:/cypress/psoc creator/4.2/psoc creator/import/gnu/arm/5.4.1/bin/../lib/gcc/arm-none-eabi/5.4.1/../../../../arm-none-eabi/lib/armv7-m\libg_nano.a(lib_a-nano-reallocr.o)
 .debug_frame   0x00003240       0x5c d:/cypress/psoc creator/4.2/psoc creator/import/gnu/arm/5.4.1/bin/../lib/gcc/arm-none-eabi/5.4.1/../../../../arm-none-eabi/lib/armv7-m\libg_nano.a(lib_a-reent.o)
 .debug_frame   0x0000329c       0x20 d:/cypress/psoc creator/4.2/psoc creator/import/gnu/arm/5.4.1/bin/../lib/gcc/arm-none-eabi/5.4.1/../../../../arm-none-eabi/lib/armv7-m\libg_nano.a(lib_a-nano-msizer.o)

.debug_str      0x00000000     0x3689
 *(.debug_str)
 .debug_str     0x00000000      0x6fc .\CortexM3\ARM_GCC_541\Debug\main.o
                                0x783 (size before relaxing)
 .debug_str     0x000006fc      0x299 .\CortexM3\ARM_GCC_541\Debug\cyfitter_cfg.o
                                0x427 (size before relaxing)
 .debug_str     0x00000995       0x7f .\CortexM3\ARM_GCC_541\Debug\cymetadata.o
                                0x225 (size before relaxing)
 .debug_str     0x00000a14      0x139 .\CortexM3\ARM_GCC_541\Debug\Cm3Start.o
                                0x34b (size before relaxing)
 .debug_str     0x00000b4d      0x23e .\CortexM3\ARM_GCC_541\Debug\FINAL.a(TimerCountWidth.o)
                                0x49e (size before relaxing)
 .debug_str     0x00000d8b      0x1c9 .\CortexM3\ARM_GCC_541\Debug\FINAL.a(isrPulseWidthFallingEdge.o)
                                0x3f1 (size before relaxing)
 .debug_str     0x00000f54       0x6b .\CortexM3\ARM_GCC_541\Debug\FINAL.a(SR04Trig.o)
                                0x232 (size before relaxing)
 .debug_str     0x00000fbf      0x102 .\CortexM3\ARM_GCC_541\Debug\FINAL.a(I2C.o)
                                0x322 (size before relaxing)
 .debug_str     0x000010c1       0x86 .\CortexM3\ARM_GCC_541\Debug\FINAL.a(I2C_INT.o)
                                0x2a0 (size before relaxing)
 .debug_str     0x00001147       0x56 .\CortexM3\ARM_GCC_541\Debug\FINAL.a(I2C_PM.o)
                                0x2be (size before relaxing)
 .debug_str     0x0000119d      0x135 .\CortexM3\ARM_GCC_541\Debug\FINAL.a(I2C_MASTER.o)
                                0x3e5 (size before relaxing)
 .debug_str     0x000012d2      0x7ba .\CortexM3\ARM_GCC_541\Debug\FINAL.a(CyLib.o)
                                0xa88 (size before relaxing)
 .debug_str     0x00001a8c      0x365 .\CortexM3\ARM_GCC_541\Debug\FINAL.a(cyPm.o)
                                0x774 (size before relaxing)
 .debug_str     0x00001df1      0x11f .\CortexM3\ARM_GCC_541\Debug\FINAL.a(PWM.o)
                                0x379 (size before relaxing)
 .debug_str     0x00001f10       0x23 .\CortexM3\ARM_GCC_541\Debug\FINAL.a(AMux.o)
                                0x224 (size before relaxing)
 .debug_str     0x00001f33      0x434 .\CortexM3\ARM_GCC_541\Debug\FINAL.a(ADC_DelSig.o)
                                0x729 (size before relaxing)
 .debug_str     0x00002367       0x68 .\CortexM3\ARM_GCC_541\Debug\FINAL.a(ADC_DelSig_INT.o)
                                0x224 (size before relaxing)
 .debug_str     0x000023cf       0x76 .\CortexM3\ARM_GCC_541\Debug\FINAL.a(ADC_DelSig_AMux.o)
                                0x271 (size before relaxing)
 .debug_str     0x00002445      0x1b3 .\CortexM3\ARM_GCC_541\Debug\FINAL.a(ADC_DelSig_Ext_CP_Clk.o)
                                0x3d7 (size before relaxing)
 .debug_str     0x000025f8      0x1a3 .\CortexM3\ARM_GCC_541\Debug\FINAL.a(ADC_DelSig_theACLK.o)
                                0x404 (size before relaxing)
 .debug_str     0x0000279b      0x19b .\CortexM3\ARM_GCC_541\Debug\FINAL.a(PWM_ServoP.o)
                                0x3fe (size before relaxing)
 .debug_str     0x00002936      0x109 .\CortexM3\ARM_GCC_541\Debug\FINAL.a(Clock_3.o)
                                0x32f (size before relaxing)
 .debug_str     0x00002a3f      0x19b .\CortexM3\ARM_GCC_541\Debug\FINAL.a(PWM_ServoT.o)
                                0x3fe (size before relaxing)
 .debug_str     0x00002bda      0x109 .\CortexM3\ARM_GCC_541\Debug\FINAL.a(Clock_4.o)
                                0x32f (size before relaxing)
 .debug_str     0x00002ce3      0x261 .\CortexM3\ARM_GCC_541\Debug\FINAL.a(UART.o)
                                0x4b6 (size before relaxing)
 .debug_str     0x00002f44      0x167 .\CortexM3\ARM_GCC_541\Debug\FINAL.a(ISR_ByteReceived.o)
                                0x381 (size before relaxing)